Archive member included to satisfy reference by file (symbol)

C:/ST/STM32CubeIDE_1.15.0/STM32CubeIDE/plugins/com.st.stm32cube.ide.mcu.externaltools.gnu-tools-for-stm32.12.3.rel1.win32_1.0.100.202403111256/tools/bin/../lib/gcc/arm-none-eabi/12.3.1/../../../../arm-none-eabi/lib/thumb/v8-m.main+fp/hard\libc_nano.a(libc_a-exit.o)
                              C:/ST/STM32CubeIDE_1.15.0/STM32CubeIDE/plugins/com.st.stm32cube.ide.mcu.externaltools.gnu-tools-for-stm32.12.3.rel1.win32_1.0.100.202403111256/tools/bin/../lib/gcc/arm-none-eabi/12.3.1/../../../../arm-none-eabi/lib/thumb/v8-m.main+fp/hard/crt0.o (exit)
C:/ST/STM32CubeIDE_1.15.0/STM32CubeIDE/plugins/com.st.stm32cube.ide.mcu.externaltools.gnu-tools-for-stm32.12.3.rel1.win32_1.0.100.202403111256/tools/bin/../lib/gcc/arm-none-eabi/12.3.1/../../../../arm-none-eabi/lib/thumb/v8-m.main+fp/hard\libc_nano.a(libc_a-malloc.o)
                              ./Core/ThreadSafe/newlib_lock_glue.o (malloc)
C:/ST/STM32CubeIDE_1.15.0/STM32CubeIDE/plugins/com.st.stm32cube.ide.mcu.externaltools.gnu-tools-for-stm32.12.3.rel1.win32_1.0.100.202403111256/tools/bin/../lib/gcc/arm-none-eabi/12.3.1/../../../../arm-none-eabi/lib/thumb/v8-m.main+fp/hard\libc_nano.a(libc_a-mallocr.o)
                              C:/ST/STM32CubeIDE_1.15.0/STM32CubeIDE/plugins/com.st.stm32cube.ide.mcu.externaltools.gnu-tools-for-stm32.12.3.rel1.win32_1.0.100.202403111256/tools/bin/../lib/gcc/arm-none-eabi/12.3.1/../../../../arm-none-eabi/lib/thumb/v8-m.main+fp/hard\libc_nano.a(libc_a-malloc.o) (_malloc_r)
C:/ST/STM32CubeIDE_1.15.0/STM32CubeIDE/plugins/com.st.stm32cube.ide.mcu.externaltools.gnu-tools-for-stm32.12.3.rel1.win32_1.0.100.202403111256/tools/bin/../lib/gcc/arm-none-eabi/12.3.1/../../../../arm-none-eabi/lib/thumb/v8-m.main+fp/hard\libc_nano.a(libc_a-mlock.o)
                              C:/ST/STM32CubeIDE_1.15.0/STM32CubeIDE/plugins/com.st.stm32cube.ide.mcu.externaltools.gnu-tools-for-stm32.12.3.rel1.win32_1.0.100.202403111256/tools/bin/../lib/gcc/arm-none-eabi/12.3.1/../../../../arm-none-eabi/lib/thumb/v8-m.main+fp/hard\libc_nano.a(libc_a-mallocr.o) (__malloc_lock)
C:/ST/STM32CubeIDE_1.15.0/STM32CubeIDE/plugins/com.st.stm32cube.ide.mcu.externaltools.gnu-tools-for-stm32.12.3.rel1.win32_1.0.100.202403111256/tools/bin/../lib/gcc/arm-none-eabi/12.3.1/../../../../arm-none-eabi/lib/thumb/v8-m.main+fp/hard\libc_nano.a(libc_a-findfp.o)
                              C:/ST/STM32CubeIDE_1.15.0/STM32CubeIDE/plugins/com.st.stm32cube.ide.mcu.externaltools.gnu-tools-for-stm32.12.3.rel1.win32_1.0.100.202403111256/tools/bin/../lib/gcc/arm-none-eabi/12.3.1/../../../../arm-none-eabi/lib/thumb/v8-m.main+fp/hard\libc_nano.a(libc_a-exit.o) (__stdio_exit_handler)
C:/ST/STM32CubeIDE_1.15.0/STM32CubeIDE/plugins/com.st.stm32cube.ide.mcu.externaltools.gnu-tools-for-stm32.12.3.rel1.win32_1.0.100.202403111256/tools/bin/../lib/gcc/arm-none-eabi/12.3.1/../../../../arm-none-eabi/lib/thumb/v8-m.main+fp/hard\libc_nano.a(libc_a-fwalk.o)
                              C:/ST/STM32CubeIDE_1.15.0/STM32CubeIDE/plugins/com.st.stm32cube.ide.mcu.externaltools.gnu-tools-for-stm32.12.3.rel1.win32_1.0.100.202403111256/tools/bin/../lib/gcc/arm-none-eabi/12.3.1/../../../../arm-none-eabi/lib/thumb/v8-m.main+fp/hard\libc_nano.a(libc_a-findfp.o) (_fwalk_sglue)
C:/ST/STM32CubeIDE_1.15.0/STM32CubeIDE/plugins/com.st.stm32cube.ide.mcu.externaltools.gnu-tools-for-stm32.12.3.rel1.win32_1.0.100.202403111256/tools/bin/../lib/gcc/arm-none-eabi/12.3.1/../../../../arm-none-eabi/lib/thumb/v8-m.main+fp/hard\libc_nano.a(libc_a-stdio.o)
                              C:/ST/STM32CubeIDE_1.15.0/STM32CubeIDE/plugins/com.st.stm32cube.ide.mcu.externaltools.gnu-tools-for-stm32.12.3.rel1.win32_1.0.100.202403111256/tools/bin/../lib/gcc/arm-none-eabi/12.3.1/../../../../arm-none-eabi/lib/thumb/v8-m.main+fp/hard\libc_nano.a(libc_a-findfp.o) (__sread)
C:/ST/STM32CubeIDE_1.15.0/STM32CubeIDE/plugins/com.st.stm32cube.ide.mcu.externaltools.gnu-tools-for-stm32.12.3.rel1.win32_1.0.100.202403111256/tools/bin/../lib/gcc/arm-none-eabi/12.3.1/../../../../arm-none-eabi/lib/thumb/v8-m.main+fp/hard\libc_nano.a(libc_a-memset.o)
                              C:/ST/STM32CubeIDE_1.15.0/STM32CubeIDE/plugins/com.st.stm32cube.ide.mcu.externaltools.gnu-tools-for-stm32.12.3.rel1.win32_1.0.100.202403111256/tools/bin/../lib/gcc/arm-none-eabi/12.3.1/../../../../arm-none-eabi/lib/thumb/v8-m.main+fp/hard/crt0.o (memset)
C:/ST/STM32CubeIDE_1.15.0/STM32CubeIDE/plugins/com.st.stm32cube.ide.mcu.externaltools.gnu-tools-for-stm32.12.3.rel1.win32_1.0.100.202403111256/tools/bin/../lib/gcc/arm-none-eabi/12.3.1/../../../../arm-none-eabi/lib/thumb/v8-m.main+fp/hard\libc_nano.a(libc_a-closer.o)
                              C:/ST/STM32CubeIDE_1.15.0/STM32CubeIDE/plugins/com.st.stm32cube.ide.mcu.externaltools.gnu-tools-for-stm32.12.3.rel1.win32_1.0.100.202403111256/tools/bin/../lib/gcc/arm-none-eabi/12.3.1/../../../../arm-none-eabi/lib/thumb/v8-m.main+fp/hard\libc_nano.a(libc_a-stdio.o) (_close_r)
[...]
Memory Configuration

Name             Origin             Length             Attributes
RAM              0x20000000         0x000a0000         xrw
FLASH            0x08000000         0x00200000         xr
*default*        0x00000000         0xffffffff

Linker script and memory map

LOAD C:/ST/STM32CubeIDE_1.15.0/STM32CubeIDE/plugins/com.st.stm32cube.ide.mcu.externaltools.gnu-tools-for-stm32.12.3.rel1.win32_1.0.100.202403111256/tools/bin/../lib/gcc/arm-none-eabi/12.3.1/thumb/v8-m.main+fp/hard/crti.o
LOAD C:/ST/STM32CubeIDE_1.15.0/STM32CubeIDE/plugins/com.st.stm32cube.ide.mcu.externaltools.gnu-tools-for-stm32.12.3.rel1.win32_1.0.100.202403111256/tools/bin/../lib/gcc/arm-none-eabi/12.3.1/thumb/v8-m.main+fp/hard/crtbegin.o
LOAD C:/ST/STM32CubeIDE_1.15.0/STM32CubeIDE/plugins/com.st.stm32cube.ide.mcu.externaltools.gnu-tools-for-stm32.12.3.rel1.win32_1.0.100.202403111256/tools/bin/../lib/gcc/arm-none-eabi/12.3.1/../../../../arm-none-eabi/lib/thumb/v8-m.main+fp/hard/crt0.o
LOAD ./Core/Src/app_freertos.o
LOAD ./Core/Src/eth.o
LOAD ./Core/Src/gpio.o
LOAD ./Core/Src/i2c.o
LOAD ./Core/Src/icache.o
LOAD ./Core/Src/main.o
LOAD ./Core/Src/memorymap.o
LOAD ./Core/Src/stm32h5xx_hal_msp.o
LOAD ./Core/Src/stm32h5xx_hal_timebase_tim.o
LOAD ./Core/Src/stm32h5xx_it.o
LOAD ./Core/Src/syscalls.o
LOAD ./Core/Src/sysmem.o
LOAD ./Core/Src/system_stm32h5xx.o
LOAD ./Core/Src/tim.o
LOAD ./Core/Src/usart.o
LOAD ./Core/Startup/startup_stm32h563ritx.o
LOAD ./Core/ThreadSafe/newlib_lock_glue.o
LOAD ./Drivers/STM32H5xx_HAL_Driver/Src/stm32h5xx_hal.o
LOAD ./Drivers/STM32H5xx_HAL_Driver/Src/stm32h5xx_hal_cortex.o
LOAD ./Drivers/STM32H5xx_HAL_Driver/Src/stm32h5xx_hal_dma.o
LOAD ./Drivers/STM32H5xx_HAL_Driver/Src/stm32h5xx_hal_dma_ex.o
LOAD ./Drivers/STM32H5xx_HAL_Driver/Src/stm32h5xx_hal_eth.o
LOAD ./Drivers/STM32H5xx_HAL_Driver/Src/stm32h5xx_hal_eth_ex.o
LOAD ./Drivers/STM32H5xx_HAL_Driver/Src/stm32h5xx_hal_exti.o
LOAD ./Drivers/STM32H5xx_HAL_Driver/Src/stm32h5xx_hal_flash.o
LOAD ./Drivers/STM32H5xx_HAL_Driver/Src/stm32h5xx_hal_flash_ex.o
LOAD ./Drivers/STM32H5xx_HAL_Driver/Src/stm32h5xx_hal_gpio.o
LOAD ./Drivers/STM32H5xx_HAL_Driver/Src/stm32h5xx_hal_i2c.o
LOAD ./Drivers/STM32H5xx_HAL_Driver/Src/stm32h5xx_hal_i2c_ex.o
LOAD ./Drivers/STM32H5xx_HAL_Driver/Src/stm32h5xx_hal_icache.o
LOAD ./Drivers/STM32H5xx_HAL_Driver/Src/stm32h5xx_hal_pwr.o
LOAD ./Drivers/STM32H5xx_HAL_Driver/Src/stm32h5xx_hal_pwr_ex.o
LOAD ./Drivers/STM32H5xx_HAL_Driver/Src/stm32h5xx_hal_rcc.o
LOAD ./Drivers/STM32H5xx_HAL_Driver/Src/stm32h5xx_hal_rcc_ex.o
LOAD ./Drivers/STM32H5xx_HAL_Driver/Src/stm32h5xx_hal_tim.o
LOAD ./Drivers/STM32H5xx_HAL_Driver/Src/stm32h5xx_hal_tim_ex.o
LOAD ./Drivers/STM32H5xx_HAL_Driver/Src/stm32h5xx_hal_uart.o
LOAD ./Drivers/STM32H5xx_HAL_Driver/Src/stm32h5xx_hal_uart_ex.o
LOAD ./Middlewares/Third_Party/FreeRTOS/Source/CMSIS_RTOS_V2/cmsis_os2.o
LOAD ./Middlewares/Third_Party/FreeRTOS/Source/croutine.o
LOAD ./Middlewares/Third_Party/FreeRTOS/Source/event_groups.o
LOAD ./Middlewares/Third_Party/FreeRTOS/Source/list.o
LOAD ./Middlewares/Third_Party/FreeRTOS/Source/queue.o
LOAD ./Middlewares/Third_Party/FreeRTOS/Source/stream_buffer.o
LOAD ./Middlewares/Third_Party/FreeRTOS/Source/tasks.o
LOAD ./Middlewares/Third_Party/FreeRTOS/Source/timers.o
LOAD ./Middlewares/Third_Party/FreeRTOS/Source/portable/GCC/ARM_CM33_NTZ/non_secure/port.o
LOAD ./Middlewares/Third_Party/FreeRTOS/Source/portable/GCC/ARM_CM33_NTZ/non_secure/portasm.o
LOAD ./Middlewares/Third_Party/FreeRTOS/Source/portable/MemMang/heap_1.o
START GROUP
LOAD C:/ST/STM32CubeIDE_1.15.0/STM32CubeIDE/plugins/com.st.stm32cube.ide.mcu.externaltools.gnu-tools-for-stm32.12.3.rel1.win32_1.0.100.202403111256/tools/bin/../lib/gcc/arm-none-eabi/12.3.1/../../../../arm-none-eabi/lib/thumb/v8-m.main+fp/hard\libc_nano.a
LOAD C:/ST/STM32CubeIDE_1.15.0/STM32CubeIDE/plugins/com.st.stm32cube.ide.mcu.externaltools.gnu-tools-for-stm32.12.3.rel1.win32_1.0.100.202403111256/tools/bin/../lib/gcc/arm-none-eabi/12.3.1/../../../../arm-none-eabi/lib/thumb/v8-m.main+fp/hard\libm.a
END GROUP
START GROUP
LOAD C:/ST/STM32CubeIDE_1.15.0/STM32CubeIDE/plugins/com.st.stm32cube.ide.mcu.externaltools.gnu-tools-for-stm32.12.3.rel1.win32_1.0.100.202403111256/tools/bin/../lib/gcc/arm-none-eabi/12.3.1/thumb/v8-m.main+fp/hard\libgcc.a
LOAD C:/ST/STM32CubeIDE_1.15.0/STM32CubeIDE/plugins/com.st.stm32cube.ide.mcu.externaltools.gnu-tools-for-stm32.12.3.rel1.win32_1.0.100.202403111256/tools/bin/../lib/gcc/arm-none-eabi/12.3.1/../../../../arm-none-eabi/lib/thumb/v8-m.main+fp/hard\libc_nano.a
END GROUP
START GROUP
LOAD C:/ST/STM32CubeIDE_1.15.0/STM32CubeIDE/plugins/com.st.stm32cube.ide.mcu.externaltools.gnu-tools-for-stm32.12.3.rel1.win32_1.0.100.202403111256/tools/bin/../lib/gcc/arm-none-eabi/12.3.1/thumb/v8-m.main+fp/hard\libgcc.a
LOAD C:/ST/STM32CubeIDE_1.15.0/STM32CubeIDE/plugins/com.st.stm32cube.ide.mcu.externaltools.gnu-tools-for-stm32.12.3.rel1.win32_1.0.100.202403111256/tools/bin/../lib/gcc/arm-none-eabi/12.3.1/../../../../arm-none-eabi/lib/thumb/v8-m.main+fp/hard\libc_nano.a
LOAD C:/ST/STM32CubeIDE_1.15.0/STM32CubeIDE/plugins/com.st.stm32cube.ide.mcu.externaltools.gnu-tools-for-stm32.12.3.rel1.win32_1.0.100.202403111256/tools/bin/../lib/gcc/arm-none-eabi/12.3.1/../../../../arm-none-eabi/lib/thumb/v8-m.main+fp/hard\libnosys.a
END GROUP
START GROUP
LOAD C:/ST/STM32CubeIDE_1.15.0/STM32CubeIDE/plugins/com.st.stm32cube.ide.mcu.externaltools.gnu-tools-for-stm32.12.3.rel1.win32_1.0.100.202403111256/tools/bin/../lib/gcc/arm-none-eabi/12.3.1/thumb/v8-m.main+fp/hard\libgcc.a
LOAD C:/ST/STM32CubeIDE_1.15.0/STM32CubeIDE/plugins/com.st.stm32cube.ide.mcu.externaltools.gnu-tools-for-stm32.12.3.rel1.win32_1.0.100.202403111256/tools/bin/../lib/gcc/arm-none-eabi/12.3.1/../../../../arm-none-eabi/lib/thumb/v8-m.main+fp/hard\libc_nano.a
LOAD C:/ST/STM32CubeIDE_1.15.0/STM32CubeIDE/plugins/com.st.stm32cube.ide.mcu.externaltools.gnu-tools-for-stm32.12.3.rel1.win32_1.0.100.202403111256/tools/bin/../lib/gcc/arm-none-eabi/12.3.1/../../../../arm-none-eabi/lib/thumb/v8-m.main+fp/hard\libnosys.a
END GROUP
LOAD C:/ST/STM32CubeIDE_1.15.0/STM32CubeIDE/plugins/com.st.stm32cube.ide.mcu.externaltools.gnu-tools-for-stm32.12.3.rel1.win32_1.0.100.202403111256/tools/bin/../lib/gcc/arm-none-eabi/12.3.1/thumb/v8-m.main+fp/hard/crtend.o
LOAD C:/ST/STM32CubeIDE_1.15.0/STM32CubeIDE/plugins/com.st.stm32cube.ide.mcu.externaltools.gnu-tools-for-stm32.12.3.rel1.win32_1.0.100.202403111256/tools/bin/../lib/gcc/arm-none-eabi/12.3.1/thumb/v8-m.main+fp/hard/crtn.o
                0x200a0000                        _estack = (ORIGIN (RAM) + LENGTH (RAM))
                0x00000200                        _Min_Heap_Size = 0x200
                0x00000400                        _Min_Stack_Size = 0x400

.isr_vector     0x08000000      0x24c
                0x08000000                        . = ALIGN (0x4)
 *(.isr_vector)
 .isr_vector    0x08000000      0x24c ./Core/Startup/startup_stm32h563ritx.o
                0x08000000                g_pfnVectors
                0x0800024c                        . = ALIGN (0x4)

.text           0x08000250     0xc758
                0x08000250                        . = ALIGN (0x4)
 *(.text)
 .text          0x08000250       0x40 C:/ST/STM32CubeIDE_1.15.0/STM32CubeIDE/plugins/com.st.stm32cube.ide.mcu.externaltools.gnu-tools-for-stm32.12.3.rel1.win32_1.0.100.202403111256/tools/bin/../lib/gcc/arm-none-eabi/12.3.1/thumb/v8-m.main+fp/hard/crtbegin.o
 .text          0x08000290       0x30 C:/ST/STM32CubeIDE_1.15.0/STM32CubeIDE/plugins/com.st.stm32cube.ide.mcu.externaltools.gnu-tools-for-stm32.12.3.rel1.win32_1.0.100.202403111256/tools/bin/../lib/gcc/arm-none-eabi/12.3.1/thumb/v8-m.main+fp/hard\libgcc.a(_aeabi_uldivmod.o)
                0x08000290                __aeabi_uldivmod
 .text          0x080002c0      0x2e4 C:/ST/STM32CubeIDE_1.15.0/STM32CubeIDE/plugins/com.st.stm32cube.ide.mcu.externaltools.gnu-tools-for-stm32.12.3.rel1.win32_1.0.100.202403111256/tools/bin/../lib/gcc/arm-none-eabi/12.3.1/thumb/v8-m.main+fp/hard\libgcc.a(_udivmoddi4.o)
                0x080002c0                __udivmoddi4
 .text          0x080005a4        0x4 C:/ST/STM32CubeIDE_1.15.0/STM32CubeIDE/plugins/com.st.stm32cube.ide.mcu.externaltools.gnu-tools-for-stm32.12.3.rel1.win32_1.0.100.202403111256/tools/bin/../lib/gcc/arm-none-eabi/12.3.1/thumb/v8-m.main+fp/hard\libgcc.a(_dvmd_tls.o)
                0x080005a4                __aeabi_idiv0
                0x080005a4                __aeabi_ldiv0
 *(.text*)
 .text.MX_FREERTOS_Init
                0x080005a8       0x24 ./Core/Src/app_freertos.o
                0x080005a8                MX_FREERTOS_Init
 .text.StartDefaultTask
                0x080005cc       0x10 ./Core/Src/app_freertos.o
                0x080005cc                StartDefaultTask
 .text.MX_ETH_Init
                0x080005dc       0x98 ./Core/Src/eth.o
                0x080005dc                MX_ETH_Init
 .text.HAL_ETH_MspInit
                0x08000674      0x158 ./Core/Src/eth.o
                0x08000674                HAL_ETH_MspInit
 .text.MX_GPIO_Init
                0x080007cc      0x14c ./Core/Src/gpio.o
                0x080007cc                MX_GPIO_Init
 .text.MX_I2C1_Init
                0x08000918       0x80 ./Core/Src/i2c.o
                0x08000918                MX_I2C1_Init
 .text.HAL_I2C_MspInit
                0x08000998      0x11c ./Core/Src/i2c.o
                0x08000998                HAL_I2C_MspInit
 .text.MX_ICACHE_Init
                0x08000ab4       0x26 ./Core/Src/icache.o
                0x08000ab4                MX_ICACHE_Init
 .text.main     0x08000ada       0x38 ./Core/Src/main.o
                0x08000ada                main
 *fill*         0x08000b12        0x2 
 .text.SystemClock_Config
                0x08000b14       0xcc ./Core/Src/main.o
                0x08000b14                SystemClock_Config
 .text.HAL_TIM_PeriodElapsedCallback
                0x08000be0       0x24 ./Core/Src/main.o
                0x08000be0                HAL_TIM_PeriodElapsedCallback
 .text.Error_Handler
                0x08000c04        0xc ./Core/Src/main.o
                0x08000c04                Error_Handler
 .text.HAL_MspInit
                0x08000c10       0x14 ./Core/Src/stm32h5xx_hal_msp.o
                0x08000c10                HAL_MspInit
 .text.HAL_InitTick
                0x08000c24       0xd8 ./Core/Src/stm32h5xx_hal_timebase_tim.o
                0x08000c24                HAL_InitTick
 .text.NMI_Handler
                0x08000cfc        0x8 ./Core/Src/stm32h5xx_it.o
                0x08000cfc                NMI_Handler
 .text.HardFault_Handler
                0x08000d04        0x8 ./Core/Src/stm32h5xx_it.o
                0x08000d04                HardFault_Handler
 .text.MemManage_Handler
                0x08000d0c        0x8 ./Core/Src/stm32h5xx_it.o
                0x08000d0c                MemManage_Handler
 .text.BusFault_Handler
                0x08000d14        0x8 ./Core/Src/stm32h5xx_it.o
                0x08000d14                BusFault_Handler
 .text.UsageFault_Handler
                0x08000d1c        0x8 ./Core/Src/stm32h5xx_it.o
                0x08000d1c                UsageFault_Handler
 .text.DebugMon_Handler
                0x08000d24        0xe ./Core/Src/stm32h5xx_it.o
                0x08000d24                DebugMon_Handler
 *fill*         0x08000d32        0x2 
 .text.TIM1_UP_IRQHandler
                0x08000d34       0x14 ./Core/Src/stm32h5xx_it.o
                0x08000d34                TIM1_UP_IRQHandler
 .text.SystemInit
                0x08000d48       0xf8 ./Core/Src/system_stm32h5xx.o
                0x08000d48                SystemInit
 .text.MX_TIM2_Init
                0x08000e40       0xb4 ./Core/Src/tim.o
                0x08000e40                MX_TIM2_Init
 .text.MX_TIM3_Init
                0x08000ef4       0xf0 ./Core/Src/tim.o
                0x08000ef4                MX_TIM3_Init
 .text.HAL_TIM_PWM_MspInit
                0x08000fe4       0x40 ./Core/Src/tim.o
                0x08000fe4                HAL_TIM_PWM_MspInit
 .text.HAL_TIM_Base_MspInit
                0x08001024       0x44 ./Core/Src/tim.o
                0x08001024                HAL_TIM_Base_MspInit
 .text.HAL_TIM_MspPostInit
                0x08001068       0xc0 ./Core/Src/tim.o
                0x08001068                HAL_TIM_MspPostInit
 .text.MX_USART6_UART_Init
                0x08001128       0x98 ./Core/Src/usart.o
                0x08001128                MX_USART6_UART_Init
 .text.HAL_UART_MspInit
                0x080011c0      0x118 ./Core/Src/usart.o
                0x080011c0                HAL_UART_MspInit
 .text.Reset_Handler
                0x080012d8       0x50 ./Core/Startup/startup_stm32h563ritx.o
                0x080012d8                Reset_Handler
 .text.Default_Handler
                0x08001328        0x2 ./Core/Startup/startup_stm32h563ritx.o
                0x08001328                EXTI2_IRQHandler
                0x08001328                TIM8_TRG_COM_IRQHandler
                0x08001328                TIM8_CC_IRQHandler
                0x08001328                EXTI5_IRQHandler
                0x08001328                I3C1_ER_IRQHandler
                0x08001328                UART8_IRQHandler
                0x08001328                SPI4_IRQHandler
                0x08001328                GPDMA2_Channel1_IRQHandler
                0x08001328                FLASH_S_IRQHandler
                0x08001328                EXTI13_IRQHandler
                0x08001328                TIM1_CC_IRQHandler
                0x08001328                GPDMA2_Channel3_IRQHandler
                0x08001328                TAMP_IRQHandler
                0x08001328                TIM6_IRQHandler
                0x08001328                EXTI12_IRQHandler
                0x08001328                CORDIC_IRQHandler
                0x08001328                USB_DRD_FS_IRQHandler
                0x08001328                EXTI3_IRQHandler
                0x08001328                LPTIM4_IRQHandler
                0x08001328                GPDMA1_Channel5_IRQHandler
                0x08001328                EXTI8_IRQHandler
                0x08001328                GPDMA2_Channel5_IRQHandler
                0x08001328                LPTIM2_IRQHandler
                0x08001328                I2C3_ER_IRQHandler
                0x08001328                GPDMA2_Channel2_IRQHandler
                0x08001328                USART10_IRQHandler
                0x08001328                LPTIM3_IRQHandler
                0x08001328                EXTI0_IRQHandler
                0x08001328                I2C2_EV_IRQHandler
                0x08001328                FPU_IRQHandler
                0x08001328                GPDMA1_Channel3_IRQHandler
                0x08001328                GPDMA1_Channel7_IRQHandler
                0x08001328                FDCAN1_IT1_IRQHandler
                0x08001328                RAMCFG_IRQHandler
                0x08001328                DCACHE1_IRQHandler
                0x08001328                SPI1_IRQHandler
                0x08001328                OCTOSPI1_IRQHandler
                0x08001328                GPDMA1_Channel2_IRQHandler
                0x08001328                TIM8_UP_IRQHandler
                0x08001328                RCC_S_IRQHandler
                0x08001328                SAI2_IRQHandler
                0x08001328                ADC1_IRQHandler
                0x08001328                USART6_IRQHandler
                0x08001328                EXTI15_IRQHandler
                0x08001328                TIM17_IRQHandler
                0x08001328                USART3_IRQHandler
                0x08001328                RTC_IRQHandler
                0x08001328                EXTI9_IRQHandler
                0x08001328                LPTIM5_IRQHandler
                0x08001328                UART5_IRQHandler
                0x08001328                TIM4_IRQHandler
                0x08001328                I2C1_EV_IRQHandler
                0x08001328                GPDMA1_Channel1_IRQHandler
                0x08001328                TIM16_IRQHandler
                0x08001328                UART4_IRQHandler
                0x08001328                SecureFault_Handler
                0x08001328                TIM3_IRQHandler
                0x08001328                RCC_IRQHandler
                0x08001328                UART9_IRQHandler
                0x08001328                TIM1_TRG_COM_IRQHandler
                0x08001328                Default_Handler
                0x08001328                FMAC_IRQHandler
                0x08001328                CEC_IRQHandler
                0x08001328                USART11_IRQHandler
                0x08001328                TIM14_IRQHandler
                0x08001328                TIM13_IRQHandler
                0x08001328                GPDMA2_Channel4_IRQHandler
                0x08001328                SPI5_IRQHandler
                0x08001328                TIM12_IRQHandler
                0x08001328                TIM7_IRQHandler
                0x08001328                SDMMC1_IRQHandler
                0x08001328                TIM5_IRQHandler
                0x08001328                UCPD1_IRQHandler
                0x08001328                GPDMA1_Channel0_IRQHandler
                0x08001328                I3C1_EV_IRQHandler
                0x08001328                TIM15_IRQHandler
                0x08001328                PVD_AVD_IRQHandler
                0x08001328                I2C3_EV_IRQHandler
                0x08001328                ETH_WKUP_IRQHandler
                0x08001328                ADC2_IRQHandler
                0x08001328                SPI2_IRQHandler
                0x08001328                EXTI14_IRQHandler
                0x08001328                EXTI11_IRQHandler
                0x08001328                CRS_IRQHandler
                0x08001328                EXTI4_IRQHandler
                0x08001328                GPDMA2_Channel0_IRQHandler
                0x08001328                RTC_S_IRQHandler
                0x08001328                RNG_IRQHandler
                0x08001328                FDCAN2_IT1_IRQHandler
                0x08001328                ETH_IRQHandler
                0x08001328                GPDMA2_Channel6_IRQHandler
                0x08001328                UART12_IRQHandler
                0x08001328                WWDG_IRQHandler
                0x08001328                SPI6_IRQHandler
                0x08001328                I2C4_EV_IRQHandler
                0x08001328                FDCAN2_IT0_IRQHandler
                0x08001328                IWDG_IRQHandler
                0x08001328                LPUART1_IRQHandler
                0x08001328                FDCAN1_IT0_IRQHandler
                0x08001328                TIM2_IRQHandler
                0x08001328                GPDMA1_Channel4_IRQHandler
                0x08001328                EXTI7_IRQHandler
                0x08001328                TIM1_BRK_IRQHandler
                0x08001328                EXTI1_IRQHandler
                0x08001328                SDMMC2_IRQHandler
                0x08001328                LPTIM6_IRQHandler
                0x08001328                DAC1_IRQHandler
                0x08001328                DTS_IRQHandler
                0x08001328                UART7_IRQHandler
                0x08001328                GTZC_IRQHandler
                0x08001328                USART2_IRQHandler
                0x08001328                GPDMA1_Channel6_IRQHandler
                0x08001328                GPDMA2_Channel7_IRQHandler
                0x08001328                I2C2_ER_IRQHandler
                0x08001328                TIM8_BRK_IRQHandler
                0x08001328                FLASH_IRQHandler
                0x08001328                USART1_IRQHandler
                0x08001328                EXTI10_IRQHandler
                0x08001328                SPI3_IRQHandler
                0x08001328                I2C1_ER_IRQHandler
                0x08001328                FMC_IRQHandler
                0x08001328                EXTI6_IRQHandler
                0x08001328                LPTIM1_IRQHandler
                0x08001328                DCMI_PSSI_IRQHandler
                0x08001328                I2C4_ER_IRQHandler
                0x08001328                ICACHE_IRQHandler
                0x08001328                SAI1_IRQHandler
                0x08001328                HASH_IRQHandler
 *fill*         0x0800132a        0x2 
 .text.HAL_Init
                0x0800132c       0x50 ./Drivers/STM32H5xx_HAL_Driver/Src/stm32h5xx_hal.o
                0x0800132c                HAL_Init
 .text.HAL_IncTick
                0x0800137c       0x28 ./Drivers/STM32H5xx_HAL_Driver/Src/stm32h5xx_hal.o
                0x0800137c                HAL_IncTick
 .text.HAL_GetTick
                0x080013a4       0x18 ./Drivers/STM32H5xx_HAL_Driver/Src/stm32h5xx_hal.o
                0x080013a4                HAL_GetTick
 .text.HAL_SBS_ETHInterfaceSelect
                0x080013bc       0x2c ./Drivers/STM32H5xx_HAL_Driver/Src/stm32h5xx_hal.o
                0x080013bc                HAL_SBS_ETHInterfaceSelect
 .text.__NVIC_SetPriorityGrouping
                0x080013e8       0x48 ./Drivers/STM32H5xx_HAL_Driver/Src/stm32h5xx_hal_cortex.o
 .text.__NVIC_GetPriorityGrouping
                0x08001430       0x1c ./Drivers/STM32H5xx_HAL_Driver/Src/stm32h5xx_hal_cortex.o
 .text.__NVIC_EnableIRQ
                0x0800144c       0x3c ./Drivers/STM32H5xx_HAL_Driver/Src/stm32h5xx_hal_cortex.o
 .text.__NVIC_SetPriority
                0x08001488       0x54 ./Drivers/STM32H5xx_HAL_Driver/Src/stm32h5xx_hal_cortex.o
 .text.NVIC_EncodePriority
                0x080014dc       0x66 ./Drivers/STM32H5xx_HAL_Driver/Src/stm32h5xx_hal_cortex.o
 .text.HAL_NVIC_SetPriorityGrouping
                0x08001542       0x16 ./Drivers/STM32H5xx_HAL_Driver/Src/stm32h5xx_hal_cortex.o
                0x08001542                HAL_NVIC_SetPriorityGrouping
 .text.HAL_NVIC_SetPriority
                0x08001558       0x34 ./Drivers/STM32H5xx_HAL_Driver/Src/stm32h5xx_hal_cortex.o
                0x08001558                HAL_NVIC_SetPriority
 .text.HAL_NVIC_EnableIRQ
                0x0800158c       0x1c ./Drivers/STM32H5xx_HAL_Driver/Src/stm32h5xx_hal_cortex.o
                0x0800158c                HAL_NVIC_EnableIRQ
 .text.HAL_SYSTICK_CLKSourceConfig
                0x080015a8       0xb0 ./Drivers/STM32H5xx_HAL_Driver/Src/stm32h5xx_hal_cortex.o
                0x080015a8                HAL_SYSTICK_CLKSourceConfig
 .text.HAL_ETH_Init
                0x08001658      0x1fc ./Drivers/STM32H5xx_HAL_Driver/Src/stm32h5xx_hal_eth.o
                0x08001658                HAL_ETH_Init
 .text.HAL_ETH_SetMDIOClockRange
                0x08001854       0xa0 ./Drivers/STM32H5xx_HAL_Driver/Src/stm32h5xx_hal_eth.o
                0x08001854                HAL_ETH_SetMDIOClockRange
 .text.ETH_SetMACConfig
                0x080018f4      0x238 ./Drivers/STM32H5xx_HAL_Driver/Src/stm32h5xx_hal_eth.o
 .text.ETH_SetDMAConfig
                0x08001b2c      0x10c ./Drivers/STM32H5xx_HAL_Driver/Src/stm32h5xx_hal_eth.o
 .text.ETH_MACDMAConfig
                0x08001c38      0x13a ./Drivers/STM32H5xx_HAL_Driver/Src/stm32h5xx_hal_eth.o
 .text.ETH_DMATxDescListInit
                0x08001d72       0x92 ./Drivers/STM32H5xx_HAL_Driver/Src/stm32h5xx_hal_eth.o
 .text.ETH_DMARxDescListInit
                0x08001e04       0xba ./Drivers/STM32H5xx_HAL_Driver/Src/stm32h5xx_hal_eth.o
 *fill*         0x08001ebe        0x2 
 .text.HAL_GPIO_Init
                0x08001ec0      0x2a4 ./Drivers/STM32H5xx_HAL_Driver/Src/stm32h5xx_hal_gpio.o
                0x08001ec0                HAL_GPIO_Init
 .text.HAL_I2C_Init
                0x08002164      0x136 ./Drivers/STM32H5xx_HAL_Driver/Src/stm32h5xx_hal_i2c.o
                0x08002164                HAL_I2C_Init
 .text.HAL_I2CEx_ConfigAnalogFilter
                0x0800229a       0x96 ./Drivers/STM32H5xx_HAL_Driver/Src/stm32h5xx_hal_i2c_ex.o
                0x0800229a                HAL_I2CEx_ConfigAnalogFilter
 .text.HAL_I2CEx_ConfigDigitalFilter
                0x08002330       0x98 ./Drivers/STM32H5xx_HAL_Driver/Src/stm32h5xx_hal_i2c_ex.o
                0x08002330                HAL_I2CEx_ConfigDigitalFilter
 .text.HAL_ICACHE_ConfigAssociativityMode
                0x080023c8       0x40 ./Drivers/STM32H5xx_HAL_Driver/Src/stm32h5xx_hal_icache.o
                0x080023c8                HAL_ICACHE_ConfigAssociativityMode
 .text.HAL_ICACHE_Enable
                0x08002408       0x20 ./Drivers/STM32H5xx_HAL_Driver/Src/stm32h5xx_hal_icache.o
                0x08002408                HAL_ICACHE_Enable
 .text.HAL_RCC_OscConfig
                0x08002428      0x870 ./Drivers/STM32H5xx_HAL_Driver/Src/stm32h5xx_hal_rcc.o
                0x08002428                HAL_RCC_OscConfig
 .text.HAL_RCC_ClockConfig
                0x08002c98      0x370 ./Drivers/STM32H5xx_HAL_Driver/Src/stm32h5xx_hal_rcc.o
                0x08002c98                HAL_RCC_ClockConfig
 .text.HAL_RCC_GetSysClockFreq
                0x08003008      0x258 ./Drivers/STM32H5xx_HAL_Driver/Src/stm32h5xx_hal_rcc.o
                0x08003008                HAL_RCC_GetSysClockFreq
 .text.HAL_RCC_GetHCLKFreq
                0x08003260       0x38 ./Drivers/STM32H5xx_HAL_Driver/Src/stm32h5xx_hal_rcc.o
                0x08003260                HAL_RCC_GetHCLKFreq
 .text.HAL_RCC_GetPCLK1Freq
                0x08003298       0x2c ./Drivers/STM32H5xx_HAL_Driver/Src/stm32h5xx_hal_rcc.o
                0x08003298                HAL_RCC_GetPCLK1Freq
 .text.HAL_RCC_GetPCLK2Freq
                0x080032c4       0x2c ./Drivers/STM32H5xx_HAL_Driver/Src/stm32h5xx_hal_rcc.o
                0x080032c4                HAL_RCC_GetPCLK2Freq
 .text.HAL_RCC_GetPCLK3Freq
                0x080032f0       0x2c ./Drivers/STM32H5xx_HAL_Driver/Src/stm32h5xx_hal_rcc.o
                0x080032f0                HAL_RCC_GetPCLK3Freq
 .text.HAL_RCC_GetClockConfig
                0x0800331c       0x70 ./Drivers/STM32H5xx_HAL_Driver/Src/stm32h5xx_hal_rcc.o
                0x0800331c                HAL_RCC_GetClockConfig
 .text.HAL_RCCEx_PeriphCLKConfig
                0x0800338c     0x1f14 ./Drivers/STM32H5xx_HAL_Driver/Src/stm32h5xx_hal_rcc_ex.o
                0x0800338c                HAL_RCCEx_PeriphCLKConfig
 .text.HAL_RCCEx_GetPLL1ClockFreq
                0x080052a0      0x2d4 ./Drivers/STM32H5xx_HAL_Driver/Src/stm32h5xx_hal_rcc_ex.o
                0x080052a0                HAL_RCCEx_GetPLL1ClockFreq
 .text.HAL_RCCEx_GetPLL2ClockFreq
                0x08005574      0x2d4 ./Drivers/STM32H5xx_HAL_Driver/Src/stm32h5xx_hal_rcc_ex.o
                0x08005574                HAL_RCCEx_GetPLL2ClockFreq
 .text.HAL_RCCEx_GetPLL3ClockFreq
                0x08005848      0x2d4 ./Drivers/STM32H5xx_HAL_Driver/Src/stm32h5xx_hal_rcc_ex.o
                0x08005848                HAL_RCCEx_GetPLL3ClockFreq
 .text.HAL_RCCEx_GetPeriphCLKFreq
                0x08005b1c     0x26b4 ./Drivers/STM32H5xx_HAL_Driver/Src/stm32h5xx_hal_rcc_ex.o
                0x08005b1c                HAL_RCCEx_GetPeriphCLKFreq
 .text.RCCEx_PLL2_Config
                0x080081d0      0x130 ./Drivers/STM32H5xx_HAL_Driver/Src/stm32h5xx_hal_rcc_ex.o
 .text.RCCEx_PLL3_Config
                0x08008300      0x130 ./Drivers/STM32H5xx_HAL_Driver/Src/stm32h5xx_hal_rcc_ex.o
 .text.HAL_TIM_Base_Init
                0x08008430       0xae ./Drivers/STM32H5xx_HAL_Driver/Src/stm32h5xx_hal_tim.o
                0x08008430                HAL_TIM_Base_Init
 *fill*         0x080084de        0x2 
 .text.HAL_TIM_Base_Start_IT
                0x080084e0      0x15c ./Drivers/STM32H5xx_HAL_Driver/Src/stm32h5xx_hal_tim.o
                0x080084e0                HAL_TIM_Base_Start_IT
 .text.HAL_TIM_PWM_Init
                0x0800863c       0xae ./Drivers/STM32H5xx_HAL_Driver/Src/stm32h5xx_hal_tim.o
                0x0800863c                HAL_TIM_PWM_Init
 .text.HAL_TIM_IRQHandler
                0x080086ea      0x29e ./Drivers/STM32H5xx_HAL_Driver/Src/stm32h5xx_hal_tim.o
                0x080086ea                HAL_TIM_IRQHandler
 .text.HAL_TIM_PWM_ConfigChannel
                0x08008988      0x228 ./Drivers/STM32H5xx_HAL_Driver/Src/stm32h5xx_hal_tim.o
                0x08008988                HAL_TIM_PWM_ConfigChannel
 .text.HAL_TIM_ConfigClockSource
                0x08008bb0      0x23c ./Drivers/STM32H5xx_HAL_Driver/Src/stm32h5xx_hal_tim.o
                0x08008bb0                HAL_TIM_ConfigClockSource
 .text.HAL_TIM_OC_DelayElapsedCallback
                0x08008dec       0x14 ./Drivers/STM32H5xx_HAL_Driver/Src/stm32h5xx_hal_tim.o
                0x08008dec                HAL_TIM_OC_DelayElapsedCallback
 .text.HAL_TIM_IC_CaptureCallback
                0x08008e00       0x14 ./Drivers/STM32H5xx_HAL_Driver/Src/stm32h5xx_hal_tim.o
                0x08008e00                HAL_TIM_IC_CaptureCallback
 .text.HAL_TIM_PWM_PulseFinishedCallback
                0x08008e14       0x14 ./Drivers/STM32H5xx_HAL_Driver/Src/stm32h5xx_hal_tim.o
                0x08008e14                HAL_TIM_PWM_PulseFinishedCallback
 .text.HAL_TIM_TriggerCallback
                0x08008e28       0x14 ./Drivers/STM32H5xx_HAL_Driver/Src/stm32h5xx_hal_tim.o
                0x08008e28                HAL_TIM_TriggerCallback
 .text.TIM_Base_SetConfig
                0x08008e3c      0x254 ./Drivers/STM32H5xx_HAL_Driver/Src/stm32h5xx_hal_tim.o
                0x08008e3c                TIM_Base_SetConfig
 .text.TIM_OC1_SetConfig
                0x08009090      0x184 ./Drivers/STM32H5xx_HAL_Driver/Src/stm32h5xx_hal_tim.o
 .text.TIM_OC2_SetConfig
                0x08009214      0x160 ./Drivers/STM32H5xx_HAL_Driver/Src/stm32h5xx_hal_tim.o
                0x08009214                TIM_OC2_SetConfig
 .text.TIM_OC3_SetConfig
                0x08009374      0x15c ./Drivers/STM32H5xx_HAL_Driver/Src/stm32h5xx_hal_tim.o
 .text.TIM_OC4_SetConfig
                0x080094d0      0x160 ./Drivers/STM32H5xx_HAL_Driver/Src/stm32h5xx_hal_tim.o
 .text.TIM_OC5_SetConfig
                0x08009630      0x104 ./Drivers/STM32H5xx_HAL_Driver/Src/stm32h5xx_hal_tim.o
 .text.TIM_OC6_SetConfig
                0x08009734      0x108 ./Drivers/STM32H5xx_HAL_Driver/Src/stm32h5xx_hal_tim.o
 .text.TIM_TI1_ConfigInputStage
                0x0800983c       0x5e ./Drivers/STM32H5xx_HAL_Driver/Src/stm32h5xx_hal_tim.o
 .text.TIM_TI2_ConfigInputStage
                0x0800989a       0x60 ./Drivers/STM32H5xx_HAL_Driver/Src/stm32h5xx_hal_tim.o
 .text.TIM_ITRx_SetConfig
                0x080098fa       0x3a ./Drivers/STM32H5xx_HAL_Driver/Src/stm32h5xx_hal_tim.o
 .text.TIM_ETR_SetConfig
                0x08009934       0x40 ./Drivers/STM32H5xx_HAL_Driver/Src/stm32h5xx_hal_tim.o
                0x08009934                TIM_ETR_SetConfig
 .text.HAL_TIMEx_MasterConfigSynchronization
                0x08009974      0x1a0 ./Drivers/STM32H5xx_HAL_Driver/Src/stm32h5xx_hal_tim_ex.o
                0x08009974                HAL_TIMEx_MasterConfigSynchronization
 .text.HAL_TIMEx_CommutCallback
                0x08009b14       0x14 ./Drivers/STM32H5xx_HAL_Driver/Src/stm32h5xx_hal_tim_ex.o
                0x08009b14                HAL_TIMEx_CommutCallback
 .text.HAL_TIMEx_BreakCallback
                0x08009b28       0x14 ./Drivers/STM32H5xx_HAL_Driver/Src/stm32h5xx_hal_tim_ex.o
                0x08009b28                HAL_TIMEx_BreakCallback
 .text.HAL_TIMEx_Break2Callback
                0x08009b3c       0x14 ./Drivers/STM32H5xx_HAL_Driver/Src/stm32h5xx_hal_tim_ex.o
                0x08009b3c                HAL_TIMEx_Break2Callback
 .text.HAL_TIMEx_EncoderIndexCallback
                0x08009b50       0x14 ./Drivers/STM32H5xx_HAL_Driver/Src/stm32h5xx_hal_tim_ex.o
                0x08009b50                HAL_TIMEx_EncoderIndexCallback
 .text.HAL_TIMEx_DirectionChangeCallback
                0x08009b64       0x14 ./Drivers/STM32H5xx_HAL_Driver/Src/stm32h5xx_hal_tim_ex.o
                0x08009b64                HAL_TIMEx_DirectionChangeCallback
 .text.HAL_TIMEx_IndexErrorCallback
                0x08009b78       0x14 ./Drivers/STM32H5xx_HAL_Driver/Src/stm32h5xx_hal_tim_ex.o
                0x08009b78                HAL_TIMEx_IndexErrorCallback
 .text.HAL_TIMEx_TransitionErrorCallback
                0x08009b8c       0x14 ./Drivers/STM32H5xx_HAL_Driver/Src/stm32h5xx_hal_tim_ex.o
                0x08009b8c                HAL_TIMEx_TransitionErrorCallback
 .text.HAL_UART_Init
                0x08009ba0       0xa0 ./Drivers/STM32H5xx_HAL_Driver/Src/stm32h5xx_hal_uart.o
                0x08009ba0                HAL_UART_Init
 .text.UART_SetConfig
                0x08009c40      0x3dc ./Drivers/STM32H5xx_HAL_Driver/Src/stm32h5xx_hal_uart.o
                0x08009c40                UART_SetConfig
 .text.UART_AdvFeatureConfig
                0x0800a01c      0x144 ./Drivers/STM32H5xx_HAL_Driver/Src/stm32h5xx_hal_uart.o
                0x0800a01c                UART_AdvFeatureConfig
 .text.UART_CheckIdleState
                0x0800a160      0x154 ./Drivers/STM32H5xx_HAL_Driver/Src/stm32h5xx_hal_uart.o
                0x0800a160                UART_CheckIdleState
 .text.UART_WaitOnFlagUntilTimeout
                0x0800a2b4       0xda ./Drivers/STM32H5xx_HAL_Driver/Src/stm32h5xx_hal_uart.o
                0x0800a2b4                UART_WaitOnFlagUntilTimeout
 .text.UART_EndRxTransfer
                0x0800a38e       0xcc ./Drivers/STM32H5xx_HAL_Driver/Src/stm32h5xx_hal_uart.o
 .text.HAL_UARTEx_DisableFifoMode
                0x0800a45a       0x72 ./Drivers/STM32H5xx_HAL_Driver/Src/stm32h5xx_hal_uart_ex.o
                0x0800a45a                HAL_UARTEx_DisableFifoMode
 .text.HAL_UARTEx_SetTxFifoThreshold
                0x0800a4cc       0x7c ./Drivers/STM32H5xx_HAL_Driver/Src/stm32h5xx_hal_uart_ex.o
                0x0800a4cc                HAL_UARTEx_SetTxFifoThreshold
 .text.HAL_UARTEx_SetRxFifoThreshold
                0x0800a548       0x7c ./Drivers/STM32H5xx_HAL_Driver/Src/stm32h5xx_hal_uart_ex.o
                0x0800a548                HAL_UARTEx_SetRxFifoThreshold
 .text.UARTEx_SetNbDataToProcess
                0x0800a5c4       0x9c ./Drivers/STM32H5xx_HAL_Driver/Src/stm32h5xx_hal_uart_ex.o
 .text.__NVIC_SetPriority
                0x0800a660       0x54 ./Middlewares/Third_Party/FreeRTOS/Source/CMSIS_RTOS_V2/cmsis_os2.o
 .text.SysTick_Handler
                0x0800a6b4       0x20 ./Middlewares/Third_Party/FreeRTOS/Source/CMSIS_RTOS_V2/cmsis_os2.o
                0x0800a6b4                SysTick_Handler
 .text.SVC_Setup
                0x0800a6d4       0x12 ./Middlewares/Third_Party/FreeRTOS/Source/CMSIS_RTOS_V2/cmsis_os2.o
 .text.IRQ_Context
                0x0800a6e6       0x4e ./Middlewares/Third_Party/FreeRTOS/Source/CMSIS_RTOS_V2/cmsis_os2.o
 .text.osKernelInitialize
                0x0800a734       0x4c ./Middlewares/Third_Party/FreeRTOS/Source/CMSIS_RTOS_V2/cmsis_os2.o
                0x0800a734                osKernelInitialize
 .text.osKernelStart
                0x0800a780       0x54 ./Middlewares/Third_Party/FreeRTOS/Source/CMSIS_RTOS_V2/cmsis_os2.o
                0x0800a780                osKernelStart
 .text.osThreadNew
                0x0800a7d4      0x122 ./Middlewares/Third_Party/FreeRTOS/Source/CMSIS_RTOS_V2/cmsis_os2.o
                0x0800a7d4                osThreadNew
 .text.osDelay  0x0800a8f6       0x34 ./Middlewares/Third_Party/FreeRTOS/Source/CMSIS_RTOS_V2/cmsis_os2.o
                0x0800a8f6                osDelay
 *fill*         0x0800a92a        0x2 
 .text.vApplicationGetIdleTaskMemory
                0x0800a92c       0x34 ./Middlewares/Third_Party/FreeRTOS/Source/CMSIS_RTOS_V2/cmsis_os2.o
                0x0800a92c                vApplicationGetIdleTaskMemory
 .text.vApplicationGetTimerTaskMemory
                0x0800a960       0x34 ./Middlewares/Third_Party/FreeRTOS/Source/CMSIS_RTOS_V2/cmsis_os2.o
                0x0800a960                vApplicationGetTimerTaskMemory
 .text.vListInitialise
                0x0800a994       0x40 ./Middlewares/Third_Party/FreeRTOS/Source/list.o
                0x0800a994                vListInitialise
 .text.vListInitialiseItem
                0x0800a9d4       0x1a ./Middlewares/Third_Party/FreeRTOS/Source/list.o
                0x0800a9d4                vListInitialiseItem
 .text.vListInsert
                0x0800a9ee       0x72 ./Middlewares/Third_Party/FreeRTOS/Source/list.o
                0x0800a9ee                vListInsert
 .text.uxListRemove
                0x0800aa60       0x54 ./Middlewares/Third_Party/FreeRTOS/Source/list.o
                0x0800aa60                uxListRemove
 .text.xQueueGenericReset
                0x0800aab4       0xf2 ./Middlewares/Third_Party/FreeRTOS/Source/queue.o
                0x0800aab4                xQueueGenericReset
 .text.xQueueGenericCreateStatic
                0x0800aba6       0x92 ./Middlewares/Third_Party/FreeRTOS/Source/queue.o
                0x0800aba6                xQueueGenericCreateStatic
 .text.prvInitialiseNewQueue
                0x0800ac38       0x46 ./Middlewares/Third_Party/FreeRTOS/Source/queue.o
 .text.xQueueReceive
                0x0800ac7e      0x178 ./Middlewares/Third_Party/FreeRTOS/Source/queue.o
                0x0800ac7e                xQueueReceive
 .text.prvCopyDataFromQueue
                0x0800adf6       0x4c ./Middlewares/Third_Party/FreeRTOS/Source/queue.o
 .text.prvUnlockQueue
                0x0800ae42       0xa4 ./Middlewares/Third_Party/FreeRTOS/Source/queue.o
 .text.prvIsQueueEmpty
                0x0800aee6       0x2c ./Middlewares/Third_Party/FreeRTOS/Source/queue.o
 *fill*         0x0800af12        0x2 
 .text.vQueueAddToRegistry
                0x0800af14       0x8c ./Middlewares/Third_Party/FreeRTOS/Source/queue.o
                0x0800af14                vQueueAddToRegistry
 .text.vQueueWaitForMessageRestricted
                0x0800afa0       0x68 ./Middlewares/Third_Party/FreeRTOS/Source/queue.o
                0x0800afa0                vQueueWaitForMessageRestricted
 .text.xTaskCreateStatic
                0x0800b008       0x9a ./Middlewares/Third_Party/FreeRTOS/Source/tasks.o
                0x0800b008                xTaskCreateStatic
 .text.xTaskCreate
                0x0800b0a2       0x94 ./Middlewares/Third_Party/FreeRTOS/Source/tasks.o
                0x0800b0a2                xTaskCreate
 .text.prvInitialiseNewTask
                0x0800b136      0x104 ./Middlewares/Third_Party/FreeRTOS/Source/tasks.o
 *fill*         0x0800b23a        0x2 
 .text.prvAddNewTaskToReadyList
                0x0800b23c      0x120 ./Middlewares/Third_Party/FreeRTOS/Source/tasks.o
 .text.vTaskDelay
                0x0800b35c       0x4c ./Middlewares/Third_Party/FreeRTOS/Source/tasks.o
                0x0800b35c                vTaskDelay
 .text.vTaskStartScheduler
                0x0800b3a8       0xb8 ./Middlewares/Third_Party/FreeRTOS/Source/tasks.o
                0x0800b3a8                vTaskStartScheduler
 .text.vTaskSuspendAll
                0x0800b460       0x1c ./Middlewares/Third_Party/FreeRTOS/Source/tasks.o
                0x0800b460                vTaskSuspendAll
 .text.xTaskResumeAll
                0x0800b47c      0x1dc ./Middlewares/Third_Party/FreeRTOS/Source/tasks.o
                0x0800b47c                xTaskResumeAll
 .text.xTaskGetTickCount
                0x0800b658       0x20 ./Middlewares/Third_Party/FreeRTOS/Source/tasks.o
                0x0800b658                xTaskGetTickCount
 .text.xTaskIncrementTick
                0x0800b678      0x220 ./Middlewares/Third_Party/FreeRTOS/Source/tasks.o
                0x0800b678                xTaskIncrementTick
 .text.vTaskSwitchContext
                0x0800b898       0xa8 ./Middlewares/Third_Party/FreeRTOS/Source/tasks.o
                0x0800b898                vTaskSwitchContext
 .text.vTaskPlaceOnEventList
                0x0800b940       0x3c ./Middlewares/Third_Party/FreeRTOS/Source/tasks.o
                0x0800b940                vTaskPlaceOnEventList
 .text.vTaskPlaceOnEventListRestricted
                0x0800b97c       0x7c ./Middlewares/Third_Party/FreeRTOS/Source/tasks.o
                0x0800b97c                vTaskPlaceOnEventListRestricted
 .text.xTaskRemoveFromEventList
                0x0800b9f8      0x19c ./Middlewares/Third_Party/FreeRTOS/Source/tasks.o
                0x0800b9f8                xTaskRemoveFromEventList
 .text.vTaskInternalSetTimeOutState
                0x0800bb94       0x2c ./Middlewares/Third_Party/FreeRTOS/Source/tasks.o
                0x0800bb94                vTaskInternalSetTimeOutState
 .text.xTaskCheckForTimeOut
                0x0800bbc0       0xb0 ./Middlewares/Third_Party/FreeRTOS/Source/tasks.o
                0x0800bbc0                xTaskCheckForTimeOut
 .text.vTaskMissedYield
                0x0800bc70       0x18 ./Middlewares/Third_Party/FreeRTOS/Source/tasks.o
                0x0800bc70                vTaskMissedYield
 .text.prvIdleTask
                0x0800bc88       0x20 ./Middlewares/Third_Party/FreeRTOS/Source/tasks.o
 .text.prvInitialiseTaskLists
                0x0800bca8       0x80 ./Middlewares/Third_Party/FreeRTOS/Source/tasks.o
 .text.prvCheckTasksWaitingTermination
                0x0800bd28       0x5c ./Middlewares/Third_Party/FreeRTOS/Source/tasks.o
 .text.prvDeleteTCB
                0x0800bd84       0x50 ./Middlewares/Third_Party/FreeRTOS/Source/tasks.o
 .text.prvResetNextTaskUnblockTime
                0x0800bdd4       0x38 ./Middlewares/Third_Party/FreeRTOS/Source/tasks.o
 .text.xTaskGetSchedulerState
                0x0800be0c       0x3c ./Middlewares/Third_Party/FreeRTOS/Source/tasks.o
                0x0800be0c                xTaskGetSchedulerState
 .text.prvAddCurrentTaskToDelayedList
                0x0800be48       0xdc ./Middlewares/Third_Party/FreeRTOS/Source/tasks.o
 .text.xTimerCreateTimerTask
                0x0800bf24       0x80 ./Middlewares/Third_Party/FreeRTOS/Source/timers.o
                0x0800bf24                xTimerCreateTimerTask
 .text.prvReloadTimer
                0x0800bfa4       0x42 ./Middlewares/Third_Party/FreeRTOS/Source/timers.o
 *fill*         0x0800bfe6        0x2 
 .text.prvProcessExpiredTimer
                0x0800bfe8       0x60 ./Middlewares/Third_Party/FreeRTOS/Source/timers.o
 .text.prvTimerTask
                0x0800c048       0x26 ./Middlewares/Third_Party/FreeRTOS/Source/timers.o
 *fill*         0x0800c06e        0x2 
 .text.prvProcessTimerOrBlockTask
                0x0800c070       0x8c ./Middlewares/Third_Party/FreeRTOS/Source/timers.o
 .text.prvGetNextExpireTime
                0x0800c0fc       0x48 ./Middlewares/Third_Party/FreeRTOS/Source/timers.o
 .text.prvSampleTimeNow
                0x0800c144       0x40 ./Middlewares/Third_Party/FreeRTOS/Source/timers.o
 .text.prvInsertTimerInActiveList
                0x0800c184       0x84 ./Middlewares/Third_Party/FreeRTOS/Source/timers.o
 .text.prvProcessReceivedCommands
                0x0800c208      0x19c ./Middlewares/Third_Party/FreeRTOS/Source/timers.o
 .text.prvSwitchTimerLists
                0x0800c3a4       0x4c ./Middlewares/Third_Party/FreeRTOS/Source/timers.o
 .text.prvCheckForValidListAndQueue
                0x0800c3f0       0x80 ./Middlewares/Third_Party/FreeRTOS/Source/timers.o
 .text.vPortSetupTimerInterrupt
                0x0800c470       0x48 ./Middlewares/Third_Party/FreeRTOS/Source/portable/GCC/ARM_CM33_NTZ/non_secure/port.o
                0x0800c470                vPortSetupTimerInterrupt
 .text.prvTaskExitError
                0x0800c4b8       0x38 ./Middlewares/Third_Party/FreeRTOS/Source/portable/GCC/ARM_CM33_NTZ/non_secure/port.o
 .text.vPortYield
                0x0800c4f0       0x24 ./Middlewares/Third_Party/FreeRTOS/Source/portable/GCC/ARM_CM33_NTZ/non_secure/port.o
                0x0800c4f0                vPortYield
 .text.vPortEnterCritical
                0x0800c514       0x24 ./Middlewares/Third_Party/FreeRTOS/Source/portable/GCC/ARM_CM33_NTZ/non_secure/port.o
                0x0800c514                vPortEnterCritical
 .text.vPortExitCritical
                0x0800c538       0x34 ./Middlewares/Third_Party/FreeRTOS/Source/portable/GCC/ARM_CM33_NTZ/non_secure/port.o
                0x0800c538                vPortExitCritical
 .text.xPortSysTickHandler
                0x0800c56c       0x30 ./Middlewares/Third_Party/FreeRTOS/Source/portable/GCC/ARM_CM33_NTZ/non_secure/port.o
                0x0800c56c                xPortSysTickHandler
 .text.vPortSVCHandler_C
                0x0800c59c       0x32 ./Middlewares/Third_Party/FreeRTOS/Source/portable/GCC/ARM_CM33_NTZ/non_secure/port.o
                0x0800c59c                vPortSVCHandler_C
 *fill*         0x0800c5ce        0x2 
 .text.pxPortInitialiseStack
                0x0800c5d0      0x114 ./Middlewares/Third_Party/FreeRTOS/Source/portable/GCC/ARM_CM33_NTZ/non_secure/port.o
                0x0800c5d0                pxPortInitialiseStack
 .text.xPortStartScheduler
                0x0800c6e4       0x40 ./Middlewares/Third_Party/FreeRTOS/Source/portable/GCC/ARM_CM33_NTZ/non_secure/port.o
                0x0800c6e4                xPortStartScheduler
 *fill*         0x0800c724        0xc 
 .text.vRestoreContextOfFirstTask
                0x0800c730       0x38 ./Middlewares/Third_Party/FreeRTOS/Source/portable/GCC/ARM_CM33_NTZ/non_secure/portasm.o
                0x0800c730                vRestoreContextOfFirstTask
 *fill*         0x0800c768        0x8 
 .text.vStartFirstTask
                0x0800c770       0x28 ./Middlewares/Third_Party/FreeRTOS/Source/portable/GCC/ARM_CM33_NTZ/non_secure/portasm.o
                0x0800c770                vStartFirstTask
 .text.ulSetInterruptMask
                0x0800c798       0x1a ./Middlewares/Third_Party/FreeRTOS/Source/portable/GCC/ARM_CM33_NTZ/non_secure/portasm.o
                0x0800c798                ulSetInterruptMask
 .text.vClearInterruptMask
                0x0800c7b2       0x10 ./Middlewares/Third_Party/FreeRTOS/Source/portable/GCC/ARM_CM33_NTZ/non_secure/portasm.o
                0x0800c7b2                vClearInterruptMask
 *fill*         0x0800c7c2        0xe 
 .text.PendSV_Handler
                0x0800c7d0       0x58 ./Middlewares/Third_Party/FreeRTOS/Source/portable/GCC/ARM_CM33_NTZ/non_secure/portasm.o
                0x0800c7d0                PendSV_Handler
 *fill*         0x0800c828        0x8 
 .text.SVC_Handler
                0x0800c830       0x28 ./Middlewares/Third_Party/FreeRTOS/Source/portable/GCC/ARM_CM33_NTZ/non_secure/portasm.o
                0x0800c830                SVC_Handler
 .text.pvPortMalloc
                0x0800c858       0xa4 ./Middlewares/Third_Party/FreeRTOS/Source/portable/MemMang/heap_1.o
                0x0800c858                pvPortMalloc
 .text.vPortFree
                0x0800c8fc       0x1e ./Middlewares/Third_Party/FreeRTOS/Source/portable/MemMang/heap_1.o
                0x0800c8fc                vPortFree
 .text.memset   0x0800c91a       0x10 C:/ST/STM32CubeIDE_1.15.0/STM32CubeIDE/plugins/com.st.stm32cube.ide.mcu.externaltools.gnu-tools-for-stm32.12.3.rel1.win32_1.0.100.202403111256/tools/bin/../lib/gcc/arm-none-eabi/12.3.1/../../../../arm-none-eabi/lib/thumb/v8-m.main+fp/hard\libc_nano.a(libc_a-memset.o)
                0x0800c91a                memset
 *fill*         0x0800c92a        0x2 
 .text.__libc_init_array
                0x0800c92c       0x48 C:/ST/STM32CubeIDE_1.15.0/STM32CubeIDE/plugins/com.st.stm32cube.ide.mcu.externaltools.gnu-tools-for-stm32.12.3.rel1.win32_1.0.100.202403111256/tools/bin/../lib/gcc/arm-none-eabi/12.3.1/../../../../arm-none-eabi/lib/thumb/v8-m.main+fp/hard\libc_nano.a(libc_a-init.o)
                0x0800c92c                __libc_init_array
 .text.memcpy   0x0800c974       0x1a C:/ST/STM32CubeIDE_1.15.0/STM32CubeIDE/plugins/com.st.stm32cube.ide.mcu.externaltools.gnu-tools-for-stm32.12.3.rel1.win32_1.0.100.202403111256/tools/bin/../lib/gcc/arm-none-eabi/12.3.1/../../../../arm-none-eabi/lib/thumb/v8-m.main+fp/hard\libc_nano.a(libc_a-memcpy-stub.o)
                0x0800c974                memcpy
 *(.glue_7)
 .glue_7        0x0800c98e        0x0 linker stubs
 *(.glue_7t)
 .glue_7t       0x0800c98e        0x0 linker stubs
 *(.eh_frame)
 *fill*         0x0800c98e        0x2 
 .eh_frame      0x0800c990        0x0 C:/ST/STM32CubeIDE_1.15.0/STM32CubeIDE/plugins/com.st.stm32cube.ide.mcu.externaltools.gnu-tools-for-stm32.12.3.rel1.win32_1.0.100.202403111256/tools/bin/../lib/gcc/arm-none-eabi/12.3.1/thumb/v8-m.main+fp/hard/crtbegin.o
 *(.init)
 .init          0x0800c990        0x4 C:/ST/STM32CubeIDE_1.15.0/STM32CubeIDE/plugins/com.st.stm32cube.ide.mcu.externaltools.gnu-tools-for-stm32.12.3.rel1.win32_1.0.100.202403111256/tools/bin/../lib/gcc/arm-none-eabi/12.3.1/thumb/v8-m.main+fp/hard/crti.o
                0x0800c990                _init
 .init          0x0800c994        0x8 C:/ST/STM32CubeIDE_1.15.0/STM32CubeIDE/plugins/com.st.stm32cube.ide.mcu.externaltools.gnu-tools-for-stm32.12.3.rel1.win32_1.0.100.202403111256/tools/bin/../lib/gcc/arm-none-eabi/12.3.1/thumb/v8-m.main+fp/hard/crtn.o
 *(.fini)
 .fini          0x0800c99c        0x4 C:/ST/STM32CubeIDE_1.15.0/STM32CubeIDE/plugins/com.st.stm32cube.ide.mcu.externaltools.gnu-tools-for-stm32.12.3.rel1.win32_1.0.100.202403111256/tools/bin/../lib/gcc/arm-none-eabi/12.3.1/thumb/v8-m.main+fp/hard/crti.o
                0x0800c99c                _fini
 .fini          0x0800c9a0        0x8 C:/ST/STM32CubeIDE_1.15.0/STM32CubeIDE/plugins/com.st.stm32cube.ide.mcu.externaltools.gnu-tools-for-stm32.12.3.rel1.win32_1.0.100.202403111256/tools/bin/../lib/gcc/arm-none-eabi/12.3.1/thumb/v8-m.main+fp/hard/crtn.o
                0x0800c9a8                        . = ALIGN (0x4)
                0x0800c9a8                        _etext = .

.vfp11_veneer   0x0800c9a8        0x0
 .vfp11_veneer  0x0800c9a8        0x0 linker stubs

.v4_bx          0x0800c9a8        0x0
 .v4_bx         0x0800c9a8        0x0 linker stubs

.iplt           0x0800c9a8        0x0
 .iplt          0x0800c9a8        0x0 C:/ST/STM32CubeIDE_1.15.0/STM32CubeIDE/plugins/com.st.stm32cube.ide.mcu.externaltools.gnu-tools-for-stm32.12.3.rel1.win32_1.0.100.202403111256/tools/bin/../lib/gcc/arm-none-eabi/12.3.1/thumb/v8-m.main+fp/hard/crtbegin.o

.rodata         0x0800c9a8       0x88
                0x0800c9a8                        . = ALIGN (0x4)
 *(.rodata)
 .rodata        0x0800c9a8        0xc ./Core/Src/app_freertos.o
 .rodata        0x0800c9b4        0x5 ./Middlewares/Third_Party/FreeRTOS/Source/tasks.o
 *fill*         0x0800c9b9        0x3 
 .rodata        0x0800c9bc        0xd ./Middlewares/Third_Party/FreeRTOS/Source/timers.o
 *(.rodata*)
 *fill*         0x0800c9c9        0x3 
 .rodata.defaultTask_attributes
                0x0800c9cc       0x24 ./Core/Src/app_freertos.o
                0x0800c9cc                defaultTask_attributes
 .rodata.AHBPrescTable
                0x0800c9f0       0x10 ./Core/Src/system_stm32h5xx.o
                0x0800c9f0                AHBPrescTable
 .rodata.APBPrescTable
                0x0800ca00        0x8 ./Core/Src/system_stm32h5xx.o
                0x0800ca00                APBPrescTable
 .rodata.UARTPrescTable
                0x0800ca08       0x18 ./Drivers/STM32H5xx_HAL_Driver/Src/stm32h5xx_hal_uart.o
                0x0800ca08                UARTPrescTable
 .rodata.numerator.1
                0x0800ca20        0x8 ./Drivers/STM32H5xx_HAL_Driver/Src/stm32h5xx_hal_uart_ex.o
 .rodata.denominator.0
                0x0800ca28        0x8 ./Drivers/STM32H5xx_HAL_Driver/Src/stm32h5xx_hal_uart_ex.o
                0x0800ca30                        . = ALIGN (0x4)

.ARM.extab      0x0800ca30        0x0
                0x0800ca30                        . = ALIGN (0x4)
 *(.ARM.extab* .gnu.linkonce.armextab.*)
                0x0800ca30                        . = ALIGN (0x4)

.ARM            0x0800ca30        0x8
                0x0800ca30                        . = ALIGN (0x4)
                0x0800ca30                        __exidx_start = .
 *(.ARM.exidx*)
 .ARM.exidx     0x0800ca30        0x8 C:/ST/STM32CubeIDE_1.15.0/STM32CubeIDE/plugins/com.st.stm32cube.ide.mcu.externaltools.gnu-tools-for-stm32.12.3.rel1.win32_1.0.100.202403111256/tools/bin/../lib/gcc/arm-none-eabi/12.3.1/thumb/v8-m.main+fp/hard\libgcc.a(_udivmoddi4.o)
                0x0800ca38                        __exidx_end = .
                0x0800ca38                        . = ALIGN (0x4)

.preinit_array  0x0800ca38        0x0
                0x0800ca38                        . = ALIGN (0x4)
                0x0800ca38                        PROVIDE (__preinit_array_start = .)
 *(.preinit_array*)
                0x0800ca38                        PROVIDE (__preinit_array_end = .)
                0x0800ca38                        . = ALIGN (0x4)

.init_array     0x0800ca38        0x4
                0x0800ca38                        . = ALIGN (0x4)
                0x0800ca38                        PROVIDE (__init_array_start = .)
 *(SORT_BY_NAME(.init_array.*))
 *(.init_array*)
 .init_array    0x0800ca38        0x4 C:/ST/STM32CubeIDE_1.15.0/STM32CubeIDE/plugins/com.st.stm32cube.ide.mcu.externaltools.gnu-tools-for-stm32.12.3.rel1.win32_1.0.100.202403111256/tools/bin/../lib/gcc/arm-none-eabi/12.3.1/thumb/v8-m.main+fp/hard/crtbegin.o
                0x0800ca3c                        PROVIDE (__init_array_end = .)
                0x0800ca3c                        . = ALIGN (0x4)

.fini_array     0x0800ca3c        0x4
                0x0800ca3c                        . = ALIGN (0x4)
                [!provide]                        PROVIDE (__fini_array_start = .)
 *(SORT_BY_NAME(.fini_array.*))
 *(.fini_array*)
 .fini_array    0x0800ca3c        0x4 C:/ST/STM32CubeIDE_1.15.0/STM32CubeIDE/plugins/com.st.stm32cube.ide.mcu.externaltools.gnu-tools-for-stm32.12.3.rel1.win32_1.0.100.202403111256/tools/bin/../lib/gcc/arm-none-eabi/12.3.1/thumb/v8-m.main+fp/hard/crtbegin.o
                [!provide]                        PROVIDE (__fini_array_end = .)
                0x0800ca40                        . = ALIGN (0x4)
                0x0800ca40                        _sidata = LOADADDR (.data)

.rel.dyn        0x0800ca40        0x0
 .rel.iplt      0x0800ca40        0x0 C:/ST/STM32CubeIDE_1.15.0/STM32CubeIDE/plugins/com.st.stm32cube.ide.mcu.externaltools.gnu-tools-for-stm32.12.3.rel1.win32_1.0.100.202403111256/tools/bin/../lib/gcc/arm-none-eabi/12.3.1/thumb/v8-m.main+fp/hard/crtbegin.o

.data           0x20000000       0x14 load address 0x0800ca40
                0x20000000                        . = ALIGN (0x4)
                0x20000000                        _sdata = .
 *(.data)
 *(.data*)
 .data.SystemCoreClock
                0x20000000        0x4 ./Core/Src/system_stm32h5xx.o
                0x20000000                SystemCoreClock
 .data.uwTickPrio
                0x20000004        0x4 ./Drivers/STM32H5xx_HAL_Driver/Src/stm32h5xx_hal.o
                0x20000004                uwTickPrio
 .data.uwTickFreq
                0x20000008        0x1 ./Drivers/STM32H5xx_HAL_Driver/Src/stm32h5xx_hal.o
                0x20000008                uwTickFreq
 *fill*         0x20000009        0x3 
 .data.uxTopUsedPriority
                0x2000000c        0x4 ./Middlewares/Third_Party/FreeRTOS/Source/tasks.o
                0x2000000c                uxTopUsedPriority
 .data.ulCriticalNesting
                0x20000010        0x4 ./Middlewares/Third_Party/FreeRTOS/Source/portable/GCC/ARM_CM33_NTZ/non_secure/port.o
 *(.RamFunc)
 *(.RamFunc*)
                0x20000014                        . = ALIGN (0x4)
                0x20000014                        _edata = .

.igot.plt       0x20000014        0x0 load address 0x0800ca54
 .igot.plt      0x20000014        0x0 C:/ST/STM32CubeIDE_1.15.0/STM32CubeIDE/plugins/com.st.stm32cube.ide.mcu.externaltools.gnu-tools-for-stm32.12.3.rel1.win32_1.0.100.202403111256/tools/bin/../lib/gcc/arm-none-eabi/12.3.1/thumb/v8-m.main+fp/hard/crtbegin.o
                0x20000014                        . = ALIGN (0x4)

.bss            0x20000014     0x2ed0 load address 0x0800ca54
                0x20000014                        _sbss = .
                0x20000014                        __bss_start__ = _sbss
 *(.bss)
 .bss           0x20000014       0x1c C:/ST/STM32CubeIDE_1.15.0/STM32CubeIDE/plugins/com.st.stm32cube.ide.mcu.externaltools.gnu-tools-for-stm32.12.3.rel1.win32_1.0.100.202403111256/tools/bin/../lib/gcc/arm-none-eabi/12.3.1/thumb/v8-m.main+fp/hard/crtbegin.o
 *(.bss*)
 .bss.defaultTaskHandle
                0x20000030        0x4 ./Core/Src/app_freertos.o
                0x20000030                defaultTaskHandle
 .bss.TxConfig  0x20000034       0x38 ./Core/Src/eth.o
                0x20000034                TxConfig
 .bss.DMARxDscrTab
                0x2000006c       0x60 ./Core/Src/eth.o
                0x2000006c                DMARxDscrTab
 .bss.DMATxDscrTab
                0x200000cc       0x60 ./Core/Src/eth.o
                0x200000cc                DMATxDscrTab
 .bss.heth      0x2000012c       0xb0 ./Core/Src/eth.o
                0x2000012c                heth
 .bss.MACAddr.0
                0x200001dc        0x6 ./Core/Src/eth.o
 *fill*         0x200001e2        0x2 
 .bss.hi2c1     0x200001e4       0x54 ./Core/Src/i2c.o
                0x200001e4                hi2c1
 .bss.htim1     0x20000238       0x4c ./Core/Src/stm32h5xx_hal_timebase_tim.o
                0x20000238                htim1
 .bss.htim2     0x20000284       0x4c ./Core/Src/tim.o
                0x20000284                htim2
 .bss.htim3     0x200002d0       0x4c ./Core/Src/tim.o
                0x200002d0                htim3
 .bss.huart6    0x2000031c       0x94 ./Core/Src/usart.o
                0x2000031c                huart6
 .bss.uwTick    0x200003b0        0x4 ./Drivers/STM32H5xx_HAL_Driver/Src/stm32h5xx_hal.o
                0x200003b0                uwTick
 .bss.KernelState
                0x200003b4        0x4 ./Middlewares/Third_Party/FreeRTOS/Source/CMSIS_RTOS_V2/cmsis_os2.o
 .bss.Idle_TCB.3
                0x200003b8       0x5c ./Middlewares/Third_Party/FreeRTOS/Source/CMSIS_RTOS_V2/cmsis_os2.o
 .bss.Idle_Stack.2
                0x20000414      0x200 ./Middlewares/Third_Party/FreeRTOS/Source/CMSIS_RTOS_V2/cmsis_os2.o
 .bss.Timer_TCB.1
                0x20000614       0x5c ./Middlewares/Third_Party/FreeRTOS/Source/CMSIS_RTOS_V2/cmsis_os2.o
 .bss.Timer_Stack.0
                0x20000670      0x200 ./Middlewares/Third_Party/FreeRTOS/Source/CMSIS_RTOS_V2/cmsis_os2.o
 .bss.xQueueRegistry
                0x20000870       0x40 ./Middlewares/Third_Party/FreeRTOS/Source/queue.o
                0x20000870                xQueueRegistry
 .bss.pxCurrentTCB
                0x200008b0        0x4 ./Middlewares/Third_Party/FreeRTOS/Source/tasks.o
                0x200008b0                pxCurrentTCB
 .bss.pxReadyTasksLists
                0x200008b4      0x460 ./Middlewares/Third_Party/FreeRTOS/Source/tasks.o
 .bss.xDelayedTaskList1
                0x20000d14       0x14 ./Middlewares/Third_Party/FreeRTOS/Source/tasks.o
 .bss.xDelayedTaskList2
                0x20000d28       0x14 ./Middlewares/Third_Party/FreeRTOS/Source/tasks.o
 .bss.pxDelayedTaskList
                0x20000d3c        0x4 ./Middlewares/Third_Party/FreeRTOS/Source/tasks.o
 .bss.pxOverflowDelayedTaskList
                0x20000d40        0x4 ./Middlewares/Third_Party/FreeRTOS/Source/tasks.o
 .bss.xPendingReadyList
                0x20000d44       0x14 ./Middlewares/Third_Party/FreeRTOS/Source/tasks.o
 .bss.xTasksWaitingTermination
                0x20000d58       0x14 ./Middlewares/Third_Party/FreeRTOS/Source/tasks.o
 .bss.uxDeletedTasksWaitingCleanUp
                0x20000d6c        0x4 ./Middlewares/Third_Party/FreeRTOS/Source/tasks.o
 .bss.xSuspendedTaskList
                0x20000d70       0x14 ./Middlewares/Third_Party/FreeRTOS/Source/tasks.o
 .bss.uxCurrentNumberOfTasks
                0x20000d84        0x4 ./Middlewares/Third_Party/FreeRTOS/Source/tasks.o
 .bss.xTickCount
                0x20000d88        0x4 ./Middlewares/Third_Party/FreeRTOS/Source/tasks.o
 .bss.uxTopReadyPriority
                0x20000d8c        0x4 ./Middlewares/Third_Party/FreeRTOS/Source/tasks.o
 .bss.xSchedulerRunning
                0x20000d90        0x4 ./Middlewares/Third_Party/FreeRTOS/Source/tasks.o
 .bss.xPendedTicks
                0x20000d94        0x4 ./Middlewares/Third_Party/FreeRTOS/Source/tasks.o
 .bss.xYieldPending
                0x20000d98        0x4 ./Middlewares/Third_Party/FreeRTOS/Source/tasks.o
 .bss.xNumOfOverflows
                0x20000d9c        0x4 ./Middlewares/Third_Party/FreeRTOS/Source/tasks.o
 .bss.uxTaskNumber
                0x20000da0        0x4 ./Middlewares/Third_Party/FreeRTOS/Source/tasks.o
 .bss.xNextTaskUnblockTime
                0x20000da4        0x4 ./Middlewares/Third_Party/FreeRTOS/Source/tasks.o
 .bss.xIdleTaskHandle
                0x20000da8        0x4 ./Middlewares/Third_Party/FreeRTOS/Source/tasks.o
 .bss.uxSchedulerSuspended
                0x20000dac        0x4 ./Middlewares/Third_Party/FreeRTOS/Source/tasks.o
 .bss.xActiveTimerList1
                0x20000db0       0x14 ./Middlewares/Third_Party/FreeRTOS/Source/timers.o
 .bss.xActiveTimerList2
                0x20000dc4       0x14 ./Middlewares/Third_Party/FreeRTOS/Source/timers.o
 .bss.pxCurrentTimerList
                0x20000dd8        0x4 ./Middlewares/Third_Party/FreeRTOS/Source/timers.o
 .bss.pxOverflowTimerList
                0x20000ddc        0x4 ./Middlewares/Third_Party/FreeRTOS/Source/timers.o
 .bss.xTimerQueue
                0x20000de0        0x4 ./Middlewares/Third_Party/FreeRTOS/Source/timers.o
 .bss.xTimerTaskHandle
                0x20000de4        0x4 ./Middlewares/Third_Party/FreeRTOS/Source/timers.o
 .bss.xLastTime.2
                0x20000de8        0x4 ./Middlewares/Third_Party/FreeRTOS/Source/timers.o
 .bss.ucStaticTimerQueueStorage.1
                0x20000dec       0xa0 ./Middlewares/Third_Party/FreeRTOS/Source/timers.o
 .bss.xStaticTimerQueue.0
                0x20000e8c       0x50 ./Middlewares/Third_Party/FreeRTOS/Source/timers.o
 .bss.ucHeap    0x20000edc     0x2000 ./Middlewares/Third_Party/FreeRTOS/Source/portable/MemMang/heap_1.o
 .bss.xNextFreeByte
                0x20002edc        0x4 ./Middlewares/Third_Party/FreeRTOS/Source/portable/MemMang/heap_1.o
 .bss.pucAlignedHeap.0
                0x20002ee0        0x4 ./Middlewares/Third_Party/FreeRTOS/Source/portable/MemMang/heap_1.o
 *(COMMON)
                0x20002ee4                        . = ALIGN (0x4)
                0x20002ee4                        _ebss = .
                0x20002ee4                        __bss_end__ = _ebss

._user_heap_stack
                0x20002ee4      0x604 load address 0x0800ca54
                0x20002ee8                        . = ALIGN (0x8)
 *fill*         0x20002ee4        0x4 
                [!provide]                        PROVIDE (end = .)
                0x20002ee8                        PROVIDE (_end = .)
                0x200030e8                        . = (. + _Min_Heap_Size)
 *fill*         0x20002ee8      0x200 
                0x200034e8                        . = (. + _Min_Stack_Size)
 *fill*         0x200030e8      0x400 
                0x200034e8                        . = ALIGN (0x8)

/DISCARD/
 libc.a(*)
 libm.a(*)
 libgcc.a(*)

.ARM.attributes
                0x00000000       0x36
 *(.ARM.attributes)
 .ARM.attributes
                0x00000000       0x26 C:/ST/STM32CubeIDE_1.15.0/STM32CubeIDE/plugins/com.st.stm32cube.ide.mcu.externaltools.gnu-tools-for-stm32.12.3.rel1.win32_1.0.100.202403111256/tools/bin/../lib/gcc/arm-none-eabi/12.3.1/thumb/v8-m.main+fp/hard/crti.o
 .ARM.attributes
                0x00000026       0x38 C:/ST/STM32CubeIDE_1.15.0/STM32CubeIDE/plugins/com.st.stm32cube.ide.mcu.externaltools.gnu-tools-for-stm32.12.3.rel1.win32_1.0.100.202403111256/tools/bin/../lib/gcc/arm-none-eabi/12.3.1/thumb/v8-m.main+fp/hard/crtbegin.o
 .ARM.attributes
                0x0000005e       0x3a ./Core/Src/app_freertos.o
 .ARM.attributes
                0x00000098       0x3a ./Core/Src/eth.o
 .ARM.attributes
                0x000000d2       0x3a ./Core/Src/gpio.o
 .ARM.attributes
                0x0000010c       0x3a ./Core/Src/i2c.o
 .ARM.attributes
                0x00000146       0x3a ./Core/Src/icache.o
 .ARM.attributes
                0x00000180       0x3a ./Core/Src/main.o
 .ARM.attributes
                0x000001ba       0x3a ./Core/Src/stm32h5xx_hal_msp.o
 .ARM.attributes
                0x000001f4       0x3a ./Core/Src/stm32h5xx_hal_timebase_tim.o
 .ARM.attributes
                0x0000022e       0x3a ./Core/Src/stm32h5xx_it.o
 .ARM.attributes
                0x00000268       0x3a ./Core/Src/system_stm32h5xx.o
 .ARM.attributes
                0x000002a2       0x3a ./Core/Src/tim.o
 .ARM.attributes
                0x000002dc       0x3a ./Core/Src/usart.o
 .ARM.attributes
                0x00000316       0x24 ./Core/Startup/startup_stm32h563ritx.o
 .ARM.attributes
                0x0000033a       0x3a ./Drivers/STM32H5xx_HAL_Driver/Src/stm32h5xx_hal.o
 .ARM.attributes
                0x00000374       0x3a ./Drivers/STM32H5xx_HAL_Driver/Src/stm32h5xx_hal_cortex.o
 .ARM.attributes
                0x000003ae       0x3a ./Drivers/STM32H5xx_HAL_Driver/Src/stm32h5xx_hal_eth.o
 .ARM.attributes
                0x000003e8       0x3a ./Drivers/STM32H5xx_HAL_Driver/Src/stm32h5xx_hal_gpio.o
 .ARM.attributes
                0x00000422       0x3a ./Drivers/STM32H5xx_HAL_Driver/Src/stm32h5xx_hal_i2c.o
 .ARM.attributes
                0x0000045c       0x3a ./Drivers/STM32H5xx_HAL_Driver/Src/stm32h5xx_hal_i2c_ex.o
 .ARM.attributes
                0x00000496       0x3a ./Drivers/STM32H5xx_HAL_Driver/Src/stm32h5xx_hal_icache.o
 .ARM.attributes
                0x000004d0       0x3a ./Drivers/STM32H5xx_HAL_Driver/Src/stm32h5xx_hal_rcc.o
 .ARM.attributes
                0x0000050a       0x3a ./Drivers/STM32H5xx_HAL_Driver/Src/stm32h5xx_hal_rcc_ex.o
 .ARM.attributes
                0x00000544       0x3a ./Drivers/STM32H5xx_HAL_Driver/Src/stm32h5xx_hal_tim.o
 .ARM.attributes
                0x0000057e       0x3a ./Drivers/STM32H5xx_HAL_Driver/Src/stm32h5xx_hal_tim_ex.o
 .ARM.attributes
                0x000005b8       0x3a ./Drivers/STM32H5xx_HAL_Driver/Src/stm32h5xx_hal_uart.o
 .ARM.attributes
                0x000005f2       0x3a ./Drivers/STM32H5xx_HAL_Driver/Src/stm32h5xx_hal_uart_ex.o
 .ARM.attributes
                0x0000062c       0x3a ./Middlewares/Third_Party/FreeRTOS/Source/CMSIS_RTOS_V2/cmsis_os2.o
 .ARM.attributes
                0x00000666       0x3a ./Middlewares/Third_Party/FreeRTOS/Source/list.o
 .ARM.attributes
                0x000006a0       0x3a ./Middlewares/Third_Party/FreeRTOS/Source/queue.o
 .ARM.attributes
                0x000006da       0x3a ./Middlewares/Third_Party/FreeRTOS/Source/tasks.o
 .ARM.attributes
                0x00000714       0x3a ./Middlewares/Third_Party/FreeRTOS/Source/timers.o
 .ARM.attributes
                0x0000074e       0x3a ./Middlewares/Third_Party/FreeRTOS/Source/portable/GCC/ARM_CM33_NTZ/non_secure/port.o
 .ARM.attributes
                0x00000788       0x3a ./Middlewares/Third_Party/FreeRTOS/Source/portable/GCC/ARM_CM33_NTZ/non_secure/portasm.o
 .ARM.attributes
                0x000007c2       0x3a ./Middlewares/Third_Party/FreeRTOS/Source/portable/MemMang/heap_1.o
 .ARM.attributes
                0x000007fc       0x38 C:/ST/STM32CubeIDE_1.15.0/STM32CubeIDE/plugins/com.st.stm32cube.ide.mcu.externaltools.gnu-tools-for-stm32.12.3.rel1.win32_1.0.100.202403111256/tools/bin/../lib/gcc/arm-none-eabi/12.3.1/../../../../arm-none-eabi/lib/thumb/v8-m.main+fp/hard\libc_nano.a(libc_a-memset.o)
 .ARM.attributes
                0x00000834       0x38 C:/ST/STM32CubeIDE_1.15.0/STM32CubeIDE/plugins/com.st.stm32cube.ide.mcu.externaltools.gnu-tools-for-stm32.12.3.rel1.win32_1.0.100.202403111256/tools/bin/../lib/gcc/arm-none-eabi/12.3.1/../../../../arm-none-eabi/lib/thumb/v8-m.main+fp/hard\libc_nano.a(libc_a-init.o)
 .ARM.attributes
                0x0000086c       0x38 C:/ST/STM32CubeIDE_1.15.0/STM32CubeIDE/plugins/com.st.stm32cube.ide.mcu.externaltools.gnu-tools-for-stm32.12.3.rel1.win32_1.0.100.202403111256/tools/bin/../lib/gcc/arm-none-eabi/12.3.1/../../../../arm-none-eabi/lib/thumb/v8-m.main+fp/hard\libc_nano.a(libc_a-memcpy-stub.o)
 .ARM.attributes
                0x000008a4       0x26 C:/ST/STM32CubeIDE_1.15.0/STM32CubeIDE/plugins/com.st.stm32cube.ide.mcu.externaltools.gnu-tools-for-stm32.12.3.rel1.win32_1.0.100.202403111256/tools/bin/../lib/gcc/arm-none-eabi/12.3.1/thumb/v8-m.main+fp/hard\libgcc.a(_aeabi_uldivmod.o)
 .ARM.attributes
                0x000008ca       0x38 C:/ST/STM32CubeIDE_1.15.0/STM32CubeIDE/plugins/com.st.stm32cube.ide.mcu.externaltools.gnu-tools-for-stm32.12.3.rel1.win32_1.0.100.202403111256/tools/bin/../lib/gcc/arm-none-eabi/12.3.1/thumb/v8-m.main+fp/hard\libgcc.a(_udivmoddi4.o)
 .ARM.attributes
                0x00000902       0x26 C:/ST/STM32CubeIDE_1.15.0/STM32CubeIDE/plugins/com.st.stm32cube.ide.mcu.externaltools.gnu-tools-for-stm32.12.3.rel1.win32_1.0.100.202403111256/tools/bin/../lib/gcc/arm-none-eabi/12.3.1/thumb/v8-m.main+fp/hard\libgcc.a(_dvmd_tls.o)
 .ARM.attributes
                0x00000928       0x26 C:/ST/STM32CubeIDE_1.15.0/STM32CubeIDE/plugins/com.st.stm32cube.ide.mcu.externaltools.gnu-tools-for-stm32.12.3.rel1.win32_1.0.100.202403111256/tools/bin/../lib/gcc/arm-none-eabi/12.3.1/thumb/v8-m.main+fp/hard/crtn.o
OUTPUT(INDIA_C0.elf elf32-littlearm)
LOAD linker stubs
LOAD C:/ST/STM32CubeIDE_1.15.0/STM32CubeIDE/plugins/com.st.stm32cube.ide.mcu.externaltools.gnu-tools-for-stm32.12.3.rel1.win32_1.0.100.202403111256/tools/bin/../lib/gcc/arm-none-eabi/12.3.1/../../../../arm-none-eabi/lib/thumb/v8-m.main+fp/hard\libc.a
LOAD C:/ST/STM32CubeIDE_1.15.0/STM32CubeIDE/plugins/com.st.stm32cube.ide.mcu.externaltools.gnu-tools-for-stm32.12.3.rel1.win32_1.0.100.202403111256/tools/bin/../lib/gcc/arm-none-eabi/12.3.1/../../../../arm-none-eabi/lib/thumb/v8-m.main+fp/hard\libm.a
LOAD C:/ST/STM32CubeIDE_1.15.0/STM32CubeIDE/plugins/com.st.stm32cube.ide.mcu.externaltools.gnu-tools-for-stm32.12.3.rel1.win32_1.0.100.202403111256/tools/bin/../lib/gcc/arm-none-eabi/12.3.1/thumb/v8-m.main+fp/hard\libgcc.a

.debug_info     0x00000000    0x267b7
 .debug_info    0x00000000      0x39b ./Core/Src/app_freertos.o
 .debug_info    0x0000039b     0x16be ./Core/Src/eth.o
 .debug_info    0x00001a59      0x5c8 ./Core/Src/gpio.o
 .debug_info    0x00002021     0x1234 ./Core/Src/i2c.o
 .debug_info    0x00003255      0x114 ./Core/Src/icache.o
 .debug_info    0x00003369      0xd9b ./Core/Src/main.o
 .debug_info    0x00004104      0x431 ./Core/Src/stm32h5xx_hal_msp.o
 .debug_info    0x00004535     0x1194 ./Core/Src/stm32h5xx_hal_timebase_tim.o
 .debug_info    0x000056c9      0x946 ./Core/Src/stm32h5xx_it.o
 .debug_info    0x0000600f      0xd8e ./Core/Src/system_stm32h5xx.o
 .debug_info    0x00006d9d     0x1152 ./Core/Src/tim.o
 .debug_info    0x00007eef     0x12ec ./Core/Src/usart.o
 .debug_info    0x000091db       0x30 ./Core/Startup/startup_stm32h563ritx.o
 .debug_info    0x0000920b     0x139f ./Drivers/STM32H5xx_HAL_Driver/Src/stm32h5xx_hal.o
 .debug_info    0x0000a5aa     0x1658 ./Drivers/STM32H5xx_HAL_Driver/Src/stm32h5xx_hal_cortex.o
 .debug_info    0x0000bc02     0x2a2b ./Drivers/STM32H5xx_HAL_Driver/Src/stm32h5xx_hal_eth.o
 .debug_info    0x0000e62d      0x6b6 ./Drivers/STM32H5xx_HAL_Driver/Src/stm32h5xx_hal_gpio.o
 .debug_info    0x0000ece3     0x2313 ./Drivers/STM32H5xx_HAL_Driver/Src/stm32h5xx_hal_i2c.o
 .debug_info    0x00010ff6      0x8f3 ./Drivers/STM32H5xx_HAL_Driver/Src/stm32h5xx_hal_i2c_ex.o
 .debug_info    0x000118e9      0x4d6 ./Drivers/STM32H5xx_HAL_Driver/Src/stm32h5xx_hal_icache.o
 .debug_info    0x00011dbf     0x109f ./Drivers/STM32H5xx_HAL_Driver/Src/stm32h5xx_hal_rcc.o
 .debug_info    0x00012e5e     0x12d7 ./Drivers/STM32H5xx_HAL_Driver/Src/stm32h5xx_hal_rcc_ex.o
 .debug_info    0x00014135     0x2e54 ./Drivers/STM32H5xx_HAL_Driver/Src/stm32h5xx_hal_tim.o
 .debug_info    0x00016f89     0x1eaa ./Drivers/STM32H5xx_HAL_Driver/Src/stm32h5xx_hal_tim_ex.o
 .debug_info    0x00018e33     0x4030 ./Drivers/STM32H5xx_HAL_Driver/Src/stm32h5xx_hal_uart.o
 .debug_info    0x0001ce63     0x10ed ./Drivers/STM32H5xx_HAL_Driver/Src/stm32h5xx_hal_uart_ex.o
 .debug_info    0x0001df50     0x3720 ./Middlewares/Third_Party/FreeRTOS/Source/CMSIS_RTOS_V2/cmsis_os2.o
 .debug_info    0x00021670      0x2af ./Middlewares/Third_Party/FreeRTOS/Source/list.o
 .debug_info    0x0002191f     0x15db ./Middlewares/Third_Party/FreeRTOS/Source/queue.o
 .debug_info    0x00022efa     0x2012 ./Middlewares/Third_Party/FreeRTOS/Source/tasks.o
 .debug_info    0x00024f0c     0x12bc ./Middlewares/Third_Party/FreeRTOS/Source/timers.o
 .debug_info    0x000261c8      0x2eb ./Middlewares/Third_Party/FreeRTOS/Source/portable/GCC/ARM_CM33_NTZ/non_secure/port.o
 .debug_info    0x000264b3      0x14e ./Middlewares/Third_Party/FreeRTOS/Source/portable/GCC/ARM_CM33_NTZ/non_secure/portasm.o
 .debug_info    0x00026601      0x1b6 ./Middlewares/Third_Party/FreeRTOS/Source/portable/MemMang/heap_1.o

.debug_abbrev   0x00000000     0x48f5
 .debug_abbrev  0x00000000      0x12c ./Core/Src/app_freertos.o
 .debug_abbrev  0x0000012c      0x23e ./Core/Src/eth.o
 .debug_abbrev  0x0000036a      0x15b ./Core/Src/gpio.o
 .debug_abbrev  0x000004c5      0x249 ./Core/Src/i2c.o
 .debug_abbrev  0x0000070e       0xb6 ./Core/Src/icache.o
 .debug_abbrev  0x000007c4      0x273 ./Core/Src/main.o
 .debug_abbrev  0x00000a37       0x95 ./Core/Src/stm32h5xx_hal_msp.o
 .debug_abbrev  0x00000acc      0x229 ./Core/Src/stm32h5xx_hal_timebase_tim.o
 .debug_abbrev  0x00000cf5      0x1af ./Core/Src/stm32h5xx_it.o
 .debug_abbrev  0x00000ea4      0x13a ./Core/Src/system_stm32h5xx.o
 .debug_abbrev  0x00000fde      0x260 ./Core/Src/tim.o
 .debug_abbrev  0x0000123e      0x23e ./Core/Src/usart.o
 .debug_abbrev  0x0000147c       0x24 ./Core/Startup/startup_stm32h563ritx.o
 .debug_abbrev  0x000014a0      0x2af ./Drivers/STM32H5xx_HAL_Driver/Src/stm32h5xx_hal.o
 .debug_abbrev  0x0000174f      0x311 ./Drivers/STM32H5xx_HAL_Driver/Src/stm32h5xx_hal_cortex.o
 .debug_abbrev  0x00001a60      0x337 ./Drivers/STM32H5xx_HAL_Driver/Src/stm32h5xx_hal_eth.o
 .debug_abbrev  0x00001d97      0x1db ./Drivers/STM32H5xx_HAL_Driver/Src/stm32h5xx_hal_gpio.o
 .debug_abbrev  0x00001f72      0x271 ./Drivers/STM32H5xx_HAL_Driver/Src/stm32h5xx_hal_i2c.o
 .debug_abbrev  0x000021e3      0x1a8 ./Drivers/STM32H5xx_HAL_Driver/Src/stm32h5xx_hal_i2c_ex.o
 .debug_abbrev  0x0000238b      0x228 ./Drivers/STM32H5xx_HAL_Driver/Src/stm32h5xx_hal_icache.o
 .debug_abbrev  0x000025b3      0x290 ./Drivers/STM32H5xx_HAL_Driver/Src/stm32h5xx_hal_rcc.o
 .debug_abbrev  0x00002843      0x269 ./Drivers/STM32H5xx_HAL_Driver/Src/stm32h5xx_hal_rcc_ex.o
 .debug_abbrev  0x00002aac      0x2bd ./Drivers/STM32H5xx_HAL_Driver/Src/stm32h5xx_hal_tim.o
 .debug_abbrev  0x00002d69      0x2c7 ./Drivers/STM32H5xx_HAL_Driver/Src/stm32h5xx_hal_tim_ex.o
 .debug_abbrev  0x00003030      0x305 ./Drivers/STM32H5xx_HAL_Driver/Src/stm32h5xx_hal_uart.o
 .debug_abbrev  0x00003335      0x2d4 ./Drivers/STM32H5xx_HAL_Driver/Src/stm32h5xx_hal_uart_ex.o
 .debug_abbrev  0x00003609      0x4ed ./Middlewares/Third_Party/FreeRTOS/Source/CMSIS_RTOS_V2/cmsis_os2.o
 .debug_abbrev  0x00003af6       0xf5 ./Middlewares/Third_Party/FreeRTOS/Source/list.o
 .debug_abbrev  0x00003beb      0x326 ./Middlewares/Third_Party/FreeRTOS/Source/queue.o
 .debug_abbrev  0x00003f11      0x32a ./Middlewares/Third_Party/FreeRTOS/Source/tasks.o
 .debug_abbrev  0x0000423b      0x326 ./Middlewares/Third_Party/FreeRTOS/Source/timers.o
 .debug_abbrev  0x00004561      0x1a5 ./Middlewares/Third_Party/FreeRTOS/Source/portable/GCC/ARM_CM33_NTZ/non_secure/port.o
 .debug_abbrev  0x00004706       0xb7 ./Middlewares/Third_Party/FreeRTOS/Source/portable/GCC/ARM_CM33_NTZ/non_secure/portasm.o
 .debug_abbrev  0x000047bd      0x138 ./Middlewares/Third_Party/FreeRTOS/Source/portable/MemMang/heap_1.o

.debug_aranges  0x00000000     0x1ea8
 .debug_aranges
                0x00000000       0x28 ./Core/Src/app_freertos.o
 .debug_aranges
                0x00000028       0x30 ./Core/Src/eth.o
 .debug_aranges
                0x00000058       0x20 ./Core/Src/gpio.o
 .debug_aranges
                0x00000078       0x30 ./Core/Src/i2c.o
 .debug_aranges
                0x000000a8       0x20 ./Core/Src/icache.o
 .debug_aranges
                0x000000c8       0x38 ./Core/Src/main.o
 .debug_aranges
                0x00000100       0x20 ./Core/Src/stm32h5xx_hal_msp.o
 .debug_aranges
                0x00000120       0x30 ./Core/Src/stm32h5xx_hal_timebase_tim.o
 .debug_aranges
                0x00000150       0x50 ./Core/Src/stm32h5xx_it.o
 .debug_aranges
                0x000001a0       0x28 ./Core/Src/system_stm32h5xx.o
 .debug_aranges
                0x000001c8       0x50 ./Core/Src/tim.o
 .debug_aranges
                0x00000218       0x30 ./Core/Src/usart.o
 .debug_aranges
                0x00000248       0x28 ./Core/Startup/startup_stm32h563ritx.o
 .debug_aranges
                0x00000270      0x200 ./Drivers/STM32H5xx_HAL_Driver/Src/stm32h5xx_hal.o
 .debug_aranges
                0x00000470      0x140 ./Drivers/STM32H5xx_HAL_Driver/Src/stm32h5xx_hal_cortex.o
 .debug_aranges
                0x000005b0      0x1d8 ./Drivers/STM32H5xx_HAL_Driver/Src/stm32h5xx_hal_eth.o
 .debug_aranges
                0x00000788       0x78 ./Drivers/STM32H5xx_HAL_Driver/Src/stm32h5xx_hal_gpio.o
 .debug_aranges
                0x00000800      0x2a0 ./Drivers/STM32H5xx_HAL_Driver/Src/stm32h5xx_hal_i2c.o
 .debug_aranges
                0x00000aa0       0x40 ./Drivers/STM32H5xx_HAL_Driver/Src/stm32h5xx_hal_i2c_ex.o
 .debug_aranges
                0x00000ae0       0xa8 ./Drivers/STM32H5xx_HAL_Driver/Src/stm32h5xx_hal_icache.o
 .debug_aranges
                0x00000b88       0xa0 ./Drivers/STM32H5xx_HAL_Driver/Src/stm32h5xx_hal_rcc.o
 .debug_aranges
                0x00000c28      0x108 ./Drivers/STM32H5xx_HAL_Driver/Src/stm32h5xx_hal_rcc_ex.o
 .debug_aranges
                0x00000d30      0x3e8 ./Drivers/STM32H5xx_HAL_Driver/Src/stm32h5xx_hal_tim.o
 .debug_aranges
                0x00001118      0x240 ./Drivers/STM32H5xx_HAL_Driver/Src/stm32h5xx_hal_tim_ex.o
 .debug_aranges
                0x00001358      0x248 ./Drivers/STM32H5xx_HAL_Driver/Src/stm32h5xx_hal_uart.o
 .debug_aranges
                0x000015a0       0xa8 ./Drivers/STM32H5xx_HAL_Driver/Src/stm32h5xx_hal_uart_ex.o
 .debug_aranges
                0x00001648      0x2b8 ./Middlewares/Third_Party/FreeRTOS/Source/CMSIS_RTOS_V2/cmsis_os2.o
 .debug_aranges
                0x00001900       0x40 ./Middlewares/Third_Party/FreeRTOS/Source/list.o
 .debug_aranges
                0x00001940      0x158 ./Middlewares/Third_Party/FreeRTOS/Source/queue.o
 .debug_aranges
                0x00001a98      0x208 ./Middlewares/Third_Party/FreeRTOS/Source/tasks.o
 .debug_aranges
                0x00001ca0      0x100 ./Middlewares/Third_Party/FreeRTOS/Source/timers.o
 .debug_aranges
                0x00001da0       0x70 ./Middlewares/Third_Party/FreeRTOS/Source/portable/GCC/ARM_CM33_NTZ/non_secure/port.o
 .debug_aranges
                0x00001e10       0x60 ./Middlewares/Third_Party/FreeRTOS/Source/portable/GCC/ARM_CM33_NTZ/non_secure/portasm.o
 .debug_aranges
                0x00001e70       0x38 ./Middlewares/Third_Party/FreeRTOS/Source/portable/MemMang/heap_1.o

.debug_rnglists
                0x00000000     0x17cd
 .debug_rnglists
                0x00000000       0x19 ./Core/Src/app_freertos.o
 .debug_rnglists
                0x00000019       0x21 ./Core/Src/eth.o
 .debug_rnglists
                0x0000003a       0x14 ./Core/Src/gpio.o
 .debug_rnglists
                0x0000004e       0x21 ./Core/Src/i2c.o
 .debug_rnglists
                0x0000006f       0x13 ./Core/Src/icache.o
 .debug_rnglists
                0x00000082       0x26 ./Core/Src/main.o
 .debug_rnglists
                0x000000a8       0x13 ./Core/Src/stm32h5xx_hal_msp.o
 .debug_rnglists
                0x000000bb       0x20 ./Core/Src/stm32h5xx_hal_timebase_tim.o
 .debug_rnglists
                0x000000db       0x37 ./Core/Src/stm32h5xx_it.o
 .debug_rnglists
                0x00000112       0x1b ./Core/Src/system_stm32h5xx.o
 .debug_rnglists
                0x0000012d       0x3a ./Core/Src/tim.o
 .debug_rnglists
                0x00000167       0x21 ./Core/Src/usart.o
 .debug_rnglists
                0x00000188       0x19 ./Core/Startup/startup_stm32h563ritx.o
 .debug_rnglists
                0x000001a1      0x17d ./Drivers/STM32H5xx_HAL_Driver/Src/stm32h5xx_hal.o
 .debug_rnglists
                0x0000031e       0xec ./Drivers/STM32H5xx_HAL_Driver/Src/stm32h5xx_hal_cortex.o
 .debug_rnglists
                0x0000040a      0x176 ./Drivers/STM32H5xx_HAL_Driver/Src/stm32h5xx_hal_eth.o
 .debug_rnglists
                0x00000580       0x57 ./Drivers/STM32H5xx_HAL_Driver/Src/stm32h5xx_hal_gpio.o
 .debug_rnglists
                0x000005d7      0x228 ./Drivers/STM32H5xx_HAL_Driver/Src/stm32h5xx_hal_i2c.o
 .debug_rnglists
                0x000007ff       0x30 ./Drivers/STM32H5xx_HAL_Driver/Src/stm32h5xx_hal_i2c_ex.o
 .debug_rnglists
                0x0000082f       0x7a ./Drivers/STM32H5xx_HAL_Driver/Src/stm32h5xx_hal_icache.o
 .debug_rnglists
                0x000008a9       0x79 ./Drivers/STM32H5xx_HAL_Driver/Src/stm32h5xx_hal_rcc.o
 .debug_rnglists
                0x00000922       0xcf ./Drivers/STM32H5xx_HAL_Driver/Src/stm32h5xx_hal_rcc_ex.o
 .debug_rnglists
                0x000009f1      0x32e ./Drivers/STM32H5xx_HAL_Driver/Src/stm32h5xx_hal_tim.o
 .debug_rnglists
                0x00000d1f      0x1cb ./Drivers/STM32H5xx_HAL_Driver/Src/stm32h5xx_hal_tim_ex.o
 .debug_rnglists
                0x00000eea      0x1fb ./Drivers/STM32H5xx_HAL_Driver/Src/stm32h5xx_hal_uart.o
 .debug_rnglists
                0x000010e5       0x7f ./Drivers/STM32H5xx_HAL_Driver/Src/stm32h5xx_hal_uart_ex.o
 .debug_rnglists
                0x00001164      0x218 ./Middlewares/Third_Party/FreeRTOS/Source/CMSIS_RTOS_V2/cmsis_os2.o
 .debug_rnglists
                0x0000137c       0x2b ./Middlewares/Third_Party/FreeRTOS/Source/list.o
 .debug_rnglists
                0x000013a7      0x10b ./Middlewares/Third_Party/FreeRTOS/Source/queue.o
 .debug_rnglists
                0x000014b2      0x1a1 ./Middlewares/Third_Party/FreeRTOS/Source/tasks.o
 .debug_rnglists
                0x00001653       0xc1 ./Middlewares/Third_Party/FreeRTOS/Source/timers.o
 .debug_rnglists
                0x00001714       0x50 ./Middlewares/Third_Party/FreeRTOS/Source/portable/GCC/ARM_CM33_NTZ/non_secure/port.o
 .debug_rnglists
                0x00001764       0x43 ./Middlewares/Third_Party/FreeRTOS/Source/portable/GCC/ARM_CM33_NTZ/non_secure/portasm.o
 .debug_rnglists
                0x000017a7       0x26 ./Middlewares/Third_Party/FreeRTOS/Source/portable/MemMang/heap_1.o

.debug_macro    0x00000000    0x36b2c
 .debug_macro   0x00000000      0x348 ./Core/Src/app_freertos.o
 .debug_macro   0x00000348      0xac0 ./Core/Src/app_freertos.o
 .debug_macro   0x00000e08      0x189 ./Core/Src/app_freertos.o
 .debug_macro   0x00000f91       0x22 ./Core/Src/app_freertos.o
 .debug_macro   0x00000fb3       0x8e ./Core/Src/app_freertos.o
 .debug_macro   0x00001041       0x51 ./Core/Src/app_freertos.o
 .debug_macro   0x00001092      0x103 ./Core/Src/app_freertos.o
 .debug_macro   0x00001195       0x6a ./Core/Src/app_freertos.o
 .debug_macro   0x000011ff      0x1df ./Core/Src/app_freertos.o
 .debug_macro   0x000013de      0x18d ./Core/Src/app_freertos.o
 .debug_macro   0x0000156b      0x15a ./Core/Src/app_freertos.o
 .debug_macro   0x000016c5      0x1a5 ./Core/Src/app_freertos.o
 .debug_macro   0x0000186a       0x1c ./Core/Src/app_freertos.o
 .debug_macro   0x00001886       0x10 ./Core/Src/app_freertos.o
 .debug_macro   0x00001896       0x1f ./Core/Src/app_freertos.o
 .debug_macro   0x000018b5       0x12 ./Core/Src/app_freertos.o
 .debug_macro   0x000018c7      0x4c4 ./Core/Src/app_freertos.o
 .debug_macro   0x00001d8b       0xc3 ./Core/Src/app_freertos.o
 .debug_macro   0x00001e4e      0x120 ./Core/Src/app_freertos.o
 .debug_macro   0x00001f6e      0x1dc ./Core/Src/app_freertos.o
 .debug_macro   0x0000214a       0x61 ./Core/Src/app_freertos.o
 .debug_macro   0x000021ab       0x2a ./Core/Src/app_freertos.o
 .debug_macro   0x000021d5       0x43 ./Core/Src/app_freertos.o
 .debug_macro   0x00002218       0x34 ./Core/Src/app_freertos.o
 .debug_macro   0x0000224c       0x16 ./Core/Src/app_freertos.o
 .debug_macro   0x00002262       0x43 ./Core/Src/app_freertos.o
 .debug_macro   0x000022a5       0x34 ./Core/Src/app_freertos.o
 .debug_macro   0x000022d9       0x10 ./Core/Src/app_freertos.o
 .debug_macro   0x000022e9       0x58 ./Core/Src/app_freertos.o
 .debug_macro   0x00002341       0x8e ./Core/Src/app_freertos.o
 .debug_macro   0x000023cf       0x1c ./Core/Src/app_freertos.o
 .debug_macro   0x000023eb      0x177 ./Core/Src/app_freertos.o
 .debug_macro   0x00002562      0x369 ./Core/Src/app_freertos.o
 .debug_macro   0x000028cb      0x19b ./Core/Src/app_freertos.o
 .debug_macro   0x00002a66       0x28 ./Core/Src/app_freertos.o
 .debug_macro   0x00002a8e       0x49 ./Core/Src/app_freertos.o
 .debug_macro   0x00002ad7       0x1c ./Core/Src/app_freertos.o
 .debug_macro   0x00002af3       0x29 ./Core/Src/app_freertos.o
 .debug_macro   0x00002b1c       0xfb ./Core/Src/app_freertos.o
 .debug_macro   0x00002c17     0x1685 ./Core/Src/app_freertos.o
 .debug_macro   0x0000429c       0x5e ./Core/Src/app_freertos.o
 .debug_macro   0x000042fa    0x211a2 ./Core/Src/app_freertos.o
 .debug_macro   0x0002549c       0x6d ./Core/Src/app_freertos.o
 .debug_macro   0x00025509     0x3891 ./Core/Src/app_freertos.o
 .debug_macro   0x00028d9a       0x63 ./Core/Src/app_freertos.o
 .debug_macro   0x00028dfd     0x1f0d ./Core/Src/app_freertos.o
 .debug_macro   0x0002ad0a      0xe96 ./Core/Src/app_freertos.o
 .debug_macro   0x0002bba0      0x166 ./Core/Src/app_freertos.o
 .debug_macro   0x0002bd06      0x300 ./Core/Src/app_freertos.o
 .debug_macro   0x0002c006       0xca ./Core/Src/app_freertos.o
 .debug_macro   0x0002c0d0      0x917 ./Core/Src/app_freertos.o
 .debug_macro   0x0002c9e7      0x478 ./Core/Src/app_freertos.o
 .debug_macro   0x0002ce5f       0xd6 ./Core/Src/app_freertos.o
 .debug_macro   0x0002cf35      0x1ce ./Core/Src/app_freertos.o
 .debug_macro   0x0002d103      0x554 ./Core/Src/app_freertos.o
 .debug_macro   0x0002d657      0x63f ./Core/Src/app_freertos.o
 .debug_macro   0x0002dc96       0x74 ./Core/Src/app_freertos.o
 .debug_macro   0x0002dd0a      0x22c ./Core/Src/app_freertos.o
 .debug_macro   0x0002df36       0x35 ./Core/Src/app_freertos.o
 .debug_macro   0x0002df6b       0xa5 ./Core/Src/app_freertos.o
 .debug_macro   0x0002e010      0x313 ./Core/Src/app_freertos.o
 .debug_macro   0x0002e323      0x1bb ./Core/Src/app_freertos.o
 .debug_macro   0x0002e4de      0xbef ./Core/Src/app_freertos.o
 .debug_macro   0x0002f0cd      0x3ce ./Core/Src/app_freertos.o
 .debug_macro   0x0002f49b      0x693 ./Core/Src/app_freertos.o
 .debug_macro   0x0002fb2e       0xa6 ./Core/Src/app_freertos.o
 .debug_macro   0x0002fbd4      0x2a7 ./Core/Src/app_freertos.o
 .debug_macro   0x0002fe7b      0xa8c ./Core/Src/app_freertos.o
 .debug_macro   0x00030907      0x129 ./Core/Src/app_freertos.o
 .debug_macro   0x00030a30      0x47e ./Core/Src/app_freertos.o
 .debug_macro   0x00030eae       0xac ./Core/Src/app_freertos.o
 .debug_macro   0x00030f5a       0x74 ./Core/Src/app_freertos.o
 .debug_macro   0x00030fce      0x2ed ./Core/Src/eth.o
 .debug_macro   0x000312bb       0x5b ./Core/Src/eth.o
 .debug_macro   0x00031316       0x94 ./Core/Src/eth.o
 .debug_macro   0x000313aa       0x57 ./Core/Src/eth.o
 .debug_macro   0x00031401       0x16 ./Core/Src/eth.o
 .debug_macro   0x00031417       0x35 ./Core/Src/eth.o
 .debug_macro   0x0003144c       0x20 ./Core/Src/eth.o
 .debug_macro   0x0003146c      0x2bd ./Core/Src/gpio.o
 .debug_macro   0x00031729      0x2bd ./Core/Src/i2c.o
 .debug_macro   0x000319e6      0x2bd ./Core/Src/icache.o
 .debug_macro   0x00031ca3      0x310 ./Core/Src/main.o
 .debug_macro   0x00031fb3      0x2b3 ./Core/Src/stm32h5xx_hal_msp.o
 .debug_macro   0x00032266      0x2a4 ./Core/Src/stm32h5xx_hal_timebase_tim.o
 .debug_macro   0x0003250a      0x2bd ./Core/Src/stm32h5xx_it.o
 .debug_macro   0x000327c7      0x2ab ./Core/Src/system_stm32h5xx.o
 .debug_macro   0x00032a72      0x2bd ./Core/Src/tim.o
 .debug_macro   0x00032d2f      0x2bd ./Core/Src/usart.o
 .debug_macro   0x00032fec      0x2da ./Drivers/STM32H5xx_HAL_Driver/Src/stm32h5xx_hal.o
 .debug_macro   0x000332c6      0x2a4 ./Drivers/STM32H5xx_HAL_Driver/Src/stm32h5xx_hal_cortex.o
 .debug_macro   0x0003356a      0x338 ./Drivers/STM32H5xx_HAL_Driver/Src/stm32h5xx_hal_eth.o
 .debug_macro   0x000338a2      0x2da ./Drivers/STM32H5xx_HAL_Driver/Src/stm32h5xx_hal_gpio.o
 .debug_macro   0x00033b7c      0x370 ./Drivers/STM32H5xx_HAL_Driver/Src/stm32h5xx_hal_i2c.o
 .debug_macro   0x00033eec      0x2a4 ./Drivers/STM32H5xx_HAL_Driver/Src/stm32h5xx_hal_i2c_ex.o
 .debug_macro   0x00034190      0x2d6 ./Drivers/STM32H5xx_HAL_Driver/Src/stm32h5xx_hal_icache.o
 .debug_macro   0x00034466      0x2e6 ./Drivers/STM32H5xx_HAL_Driver/Src/stm32h5xx_hal_rcc.o
 .debug_macro   0x0003474c      0x2b6 ./Drivers/STM32H5xx_HAL_Driver/Src/stm32h5xx_hal_rcc_ex.o
 .debug_macro   0x00034a02      0x2ac ./Drivers/STM32H5xx_HAL_Driver/Src/stm32h5xx_hal_tim.o
 .debug_macro   0x00034cae      0x2aa ./Drivers/STM32H5xx_HAL_Driver/Src/stm32h5xx_hal_tim_ex.o
 .debug_macro   0x00034f58      0x2cf ./Drivers/STM32H5xx_HAL_Driver/Src/stm32h5xx_hal_uart.o
 .debug_macro   0x00035227      0x2b0 ./Drivers/STM32H5xx_HAL_Driver/Src/stm32h5xx_hal_uart_ex.o
 .debug_macro   0x000354d7      0x40e ./Middlewares/Third_Party/FreeRTOS/Source/CMSIS_RTOS_V2/cmsis_os2.o
 .debug_macro   0x000358e5       0x10 ./Middlewares/Third_Party/FreeRTOS/Source/CMSIS_RTOS_V2/cmsis_os2.o
 .debug_macro   0x000358f5       0x10 ./Middlewares/Third_Party/FreeRTOS/Source/CMSIS_RTOS_V2/cmsis_os2.o
 .debug_macro   0x00035905       0xf5 ./Middlewares/Third_Party/FreeRTOS/Source/CMSIS_RTOS_V2/cmsis_os2.o
 .debug_macro   0x000359fa       0x91 ./Middlewares/Third_Party/FreeRTOS/Source/CMSIS_RTOS_V2/cmsis_os2.o
 .debug_macro   0x00035a8b       0x8d ./Middlewares/Third_Party/FreeRTOS/Source/CMSIS_RTOS_V2/cmsis_os2.o
 .debug_macro   0x00035b18       0xa1 ./Middlewares/Third_Party/FreeRTOS/Source/CMSIS_RTOS_V2/cmsis_os2.o
 .debug_macro   0x00035bb9       0x22 ./Middlewares/Third_Party/FreeRTOS/Source/CMSIS_RTOS_V2/cmsis_os2.o
 .debug_macro   0x00035bdb      0x1a7 ./Middlewares/Third_Party/FreeRTOS/Source/list.o
 .debug_macro   0x00035d82      0x23e ./Middlewares/Third_Party/FreeRTOS/Source/queue.o
 .debug_macro   0x00035fc0       0x87 ./Middlewares/Third_Party/FreeRTOS/Source/queue.o
 .debug_macro   0x00036047      0x293 ./Middlewares/Third_Party/FreeRTOS/Source/tasks.o
 .debug_macro   0x000362da       0x17 ./Middlewares/Third_Party/FreeRTOS/Source/tasks.o
 .debug_macro   0x000362f1      0x1f6 ./Middlewares/Third_Party/FreeRTOS/Source/timers.o
 .debug_macro   0x000364e7       0x97 ./Middlewares/Third_Party/FreeRTOS/Source/timers.o
 .debug_macro   0x0003657e      0x30c ./Middlewares/Third_Party/FreeRTOS/Source/portable/GCC/ARM_CM33_NTZ/non_secure/port.o
 .debug_macro   0x0003688a       0xe6 ./Middlewares/Third_Party/FreeRTOS/Source/portable/GCC/ARM_CM33_NTZ/non_secure/portasm.o
 .debug_macro   0x00036970      0x1bc ./Middlewares/Third_Party/FreeRTOS/Source/portable/MemMang/heap_1.o

.debug_line     0x00000000    0x28916
 .debug_line    0x00000000      0xa80 ./Core/Src/app_freertos.o
 .debug_line    0x00000a80      0x9d1 ./Core/Src/eth.o
 .debug_line    0x00001451      0x934 ./Core/Src/gpio.o
 .debug_line    0x00001d85      0x993 ./Core/Src/i2c.o
 .debug_line    0x00002718      0x911 ./Core/Src/icache.o
 .debug_line    0x00003029      0xa3d ./Core/Src/main.o
 .debug_line    0x00003a66      0x8ff ./Core/Src/stm32h5xx_hal_msp.o
 .debug_line    0x00004365      0x969 ./Core/Src/stm32h5xx_hal_timebase_tim.o
 .debug_line    0x00004cce      0x99d ./Core/Src/stm32h5xx_it.o
 .debug_line    0x0000566b      0xa82 ./Core/Src/system_stm32h5xx.o
 .debug_line    0x000060ed      0xa6f ./Core/Src/tim.o
 .debug_line    0x00006b5c      0x9a1 ./Core/Src/usart.o
 .debug_line    0x000074fd       0x7b ./Core/Startup/startup_stm32h563ritx.o
 .debug_line    0x00007578     0x1009 ./Drivers/STM32H5xx_HAL_Driver/Src/stm32h5xx_hal.o
 .debug_line    0x00008581      0xf71 ./Drivers/STM32H5xx_HAL_Driver/Src/stm32h5xx_hal_cortex.o
 .debug_line    0x000094f2     0x1c4f ./Drivers/STM32H5xx_HAL_Driver/Src/stm32h5xx_hal_eth.o
 .debug_line    0x0000b141      0xcfd ./Drivers/STM32H5xx_HAL_Driver/Src/stm32h5xx_hal_gpio.o
 .debug_line    0x0000be3e     0x3e96 ./Drivers/STM32H5xx_HAL_Driver/Src/stm32h5xx_hal_i2c.o
 .debug_line    0x0000fcd4      0xb50 ./Drivers/STM32H5xx_HAL_Driver/Src/stm32h5xx_hal_i2c_ex.o
 .debug_line    0x00010824      0xbe6 ./Drivers/STM32H5xx_HAL_Driver/Src/stm32h5xx_hal_icache.o
 .debug_line    0x0001140a     0x137c ./Drivers/STM32H5xx_HAL_Driver/Src/stm32h5xx_hal_rcc.o
 .debug_line    0x00012786     0x2ec1 ./Drivers/STM32H5xx_HAL_Driver/Src/stm32h5xx_hal_rcc_ex.o
 .debug_line    0x00015647     0x4717 ./Drivers/STM32H5xx_HAL_Driver/Src/stm32h5xx_hal_tim.o
 .debug_line    0x00019d5e     0x23a2 ./Drivers/STM32H5xx_HAL_Driver/Src/stm32h5xx_hal_tim_ex.o
 .debug_line    0x0001c100     0x3ac6 ./Drivers/STM32H5xx_HAL_Driver/Src/stm32h5xx_hal_uart.o
 .debug_line    0x0001fbc6      0xf45 ./Drivers/STM32H5xx_HAL_Driver/Src/stm32h5xx_hal_uart_ex.o
 .debug_line    0x00020b0b     0x2226 ./Middlewares/Third_Party/FreeRTOS/Source/CMSIS_RTOS_V2/cmsis_os2.o
 .debug_line    0x00022d31      0x7c0 ./Middlewares/Third_Party/FreeRTOS/Source/list.o
 .debug_line    0x000234f1     0x1567 ./Middlewares/Third_Party/FreeRTOS/Source/queue.o
 .debug_line    0x00024a58     0x1caa ./Middlewares/Third_Party/FreeRTOS/Source/tasks.o
 .debug_line    0x00026702      0xd1d ./Middlewares/Third_Party/FreeRTOS/Source/timers.o
 .debug_line    0x0002741f      0x767 ./Middlewares/Third_Party/FreeRTOS/Source/portable/GCC/ARM_CM33_NTZ/non_secure/port.o
 .debug_line    0x00027b86      0x619 ./Middlewares/Third_Party/FreeRTOS/Source/portable/GCC/ARM_CM33_NTZ/non_secure/portasm.o
 .debug_line    0x0002819f      0x777 ./Middlewares/Third_Party/FreeRTOS/Source/portable/MemMang/heap_1.o

.debug_str      0x00000000   0x1562bd
 .debug_str     0x00000000   0x146ae9 ./Core/Src/app_freertos.o